sh: 1: /home/no/Desktop/🤖️🪤️🏠️/🗓️📆️👩🏻‍💻️/jun-6/wraith-surgical-01.04/1.TPMOS_c_+rmmp.0102.0020/pieces/apps/playrm/ops/+x/scan_op.+x xlector: not found
sh: 1: /home/no/Desktop/🤖️🪤️🏠️/🗓️📆️👩🏻‍💻️/jun-6/wraith-surgical-01.04/1.TPMOS_c_+rmmp.0102.0020/pieces/apps/playrm/ops/+x/collect_op.+x xlector: not found
DEBUG: Loaded directory_listing: 
DEBUG: Loaded last_key: None
DEBUG: Loaded directory_listing: 
DEBUG: Loaded last_key: None
DEBUG: Loaded directory_listing: 
DEBUG: Loaded last_key: None
DEBUG: Loaded directory_listing: 
DEBUG: Loaded last_key: None
DEBUG: Loaded directory_listing: 
DEBUG: Loaded last_key: None
DEBUG: Loaded directory_listing: 
DEBUG: Loaded last_key: None
DEBUG: Loaded directory_listing: 
DEBUG: Loaded last_key: None
DEBUG: Loaded directory_listing: 
DEBUG: Loaded last_key: None
DEBUG: Loaded directory_listing: 
DEBUG: Loaded last_key: None
DEBUG: Loaded directory_listing: 
DEBUG: Loaded last_key: None
DEBUG: Loaded directory_listing: 
DEBUG: Loaded last_key: None
DEBUG: Loaded directory_listing: 
DEBUG: Loaded last_key: None
DEBUG: Loaded directory_listing: 
DEBUG: Loaded last_key: None
DEBUG: Loaded directory_listing: 
DEBUG: Loaded last_key: None
DEBUG: Loaded directory_listing: 
DEBUG: Loaded last_key: None
DEBUG: Loaded directory_listing: 
DEBUG: Loaded last_key: None
DEBUG: Loaded directory_listing: 
DEBUG: Loaded last_key: None
DEBUG: Loaded directory_listing: 
DEBUG: Loaded last_key: None
DEBUG: Loaded directory_listing: 
DEBUG: Loaded last_key: LEFT
DEBUG: Loaded directory_listing: 
DEBUG: Loaded last_key: LEFT
DEBUG: Loaded directory_listing: 
DEBUG: Loaded last_key: LEFT
DEBUG: Loaded directory_listing: 
DEBUG: Loaded last_key: LEFT
DEBUG: Loaded directory_listing: 
DEBUG: Loaded last_key: LEFT
DEBUG: Loaded directory_listing: 
DEBUG: Loaded last_key: LEFT
DEBUG: Loaded directory_listing: 
DEBUG: Loaded last_key: LEFT
DEBUG: Loaded directory_listing: 
DEBUG: Loaded last_key: LEFT
DEBUG: Loaded directory_listing: 
DEBUG: Loaded last_key: LEFT
DEBUG: Loaded directory_listing: 
DEBUG: Loaded last_key: LEFT
DEBUG: Loaded directory_listing: 
DEBUG: Loaded last_key: LEFT
DEBUG: Loaded directory_listing: 
DEBUG: Loaded last_key: LEFT
DEBUG: Loaded directory_listing: 
DEBUG: Loaded last_key: RIGHT
DEBUG: Loaded directory_listing: 
DEBUG: Loaded last_key: RIGHT
DEBUG: Loaded directory_listing: 
DEBUG: Loaded last_key: RIGHT
DEBUG: Loaded directory_listing: 
DEBUG: Loaded last_key: RIGHT
DEBUG: Loaded directory_listing: 
DEBUG: Loaded last_key: RIGHT
DEBUG: Loaded directory_listing: 
DEBUG: Loaded last_key: RIGHT
DEBUG: Loaded directory_listing: 
DEBUG: Loaded last_key: RIGHT
DEBUG: Loaded directory_listing: 
DEBUG: Loaded last_key: RIGHT
DEBUG: Loaded directory_listing: 
DEBUG: Loaded last_key: RIGHT
DEBUG: Loaded directory_listing: 
DEBUG: Loaded last_key: RIGHT
DEBUG: Loaded directory_listing: 
DEBUG: Loaded last_key: RIGHT
DEBUG: Loaded directory_listing: 
DEBUG: Loaded last_key: RIGHT
DEBUG: Loaded directory_listing: 
DEBUG: Loaded last_key: UP
DEBUG: Loaded directory_listing: 
DEBUG: Loaded last_key: UP
DEBUG: Loaded directory_listing: 
DEBUG: Loaded last_key: UP
DEBUG: Loaded directory_listing: 
DEBUG: Loaded last_key: UP
DEBUG: Loaded directory_listing: 
DEBUG: Loaded last_key: UP
DEBUG: Loaded directory_listing: 
DEBUG: Loaded last_key: UP
DEBUG: Loaded directory_listing: 
DEBUG: Loaded last_key: UP
DEBUG: Loaded directory_listing: 
DEBUG: Loaded last_key: UP
DEBUG: Loaded directory_listing: 
DEBUG: Loaded last_key: UP
DEBUG: Loaded directory_listing: 
DEBUG: Loaded last_key: UP
DEBUG: Loaded directory_listing: 
DEBUG: Loaded last_key: 1
DEBUG: Loaded directory_listing: 
DEBUG: Loaded last_key: 1
DEBUG: Loaded directory_listing: 
DEBUG: Loaded last_key: 1
DEBUG: Loaded directory_listing: 
DEBUG: Loaded last_key: 1
DEBUG: Loaded directory_listing: 
DEBUG: Loaded last_key: 1
DEBUG: Loaded directory_listing: 
DEBUG: Loaded last_key: 2
DEBUG: Loaded directory_listing: 
DEBUG: Loaded last_key: 2
DEBUG: Loaded directory_listing: 
DEBUG: Loaded last_key: 2
DEBUG: Loaded directory_listing: 
DEBUG: Loaded last_key: 2
DEBUG: Loaded directory_listing: 
DEBUG: Loaded last_key: 2
DEBUG: Loaded directory_listing: 
DEBUG: Loaded last_key: 3
DEBUG: Loaded directory_listing: 
DEBUG: Loaded last_key: 3
DEBUG: Loaded directory_listing: 
DEBUG: Loaded last_key: 3
DEBUG: Loaded directory_listing: 
DEBUG: Loaded 