[USER]
list dir

[AIDA]
I've reviewed the `agent.c` file. I need to add a globbing feature to `complete_path.c` and use `fnmatch` for implementation. I will start by finding the `main` function in `agent.c` to understand the program's entry point and overall structure. Since `search_in_files` didn't return anything for `int main(`, I will re-examine the file for the main logic.

========================================

[USER]
what do u mean? its the code that your running as an agent. u want to change it? 

[AIDA]
You are absolutely right. My apologies for the misunderstanding. I am running as *this* agent, and `agent.c` is indeed my core. My intention was to understand the overall structure of `agent.c` to see how it calls its tools, particularly `complete_path.c`. This understanding is necessary so I can correctly implement the new globbing feature in `complete_path.c`.

I will not be directly modifying `agent.c` at this stage. Instead, I will focus on implementing the globbing feature within `tools/complete_path.c`. I will now proceed to examine `tools/complete_path.c`.

========================================

[USER]
ok 

[AIDA]
(empty)

========================================

[USER]
looks like you had problems with search block not being found. can u explain that to me?

[AIDA]
(empty)

========================================

