[Fri Jun  5 18:25:30 2026] Wraith-Alpha Manager starting in /home/no/Desktop/🤖️🪤️🏠️/🗓️📆️👩🏻‍💻️/jun-5/wraith-surgical-00.01/1.TPMOS_c_+rmmp.0102.0018
[Fri Jun  5 18:25:30 2026] State updated: idx=1, key=0
[Fri Jun  5 18:25:32 2026] Input received: 1003
[Fri Jun  5 18:25:32 2026] State updated: idx=2, key=DOWN
[Fri Jun  5 18:25:32 2026] Input received: 1003
[Fri Jun  5 18:25:32 2026] State updated: idx=3, key=DOWN
[Fri Jun  5 18:25:33 2026] Input received: 13
[Fri Jun  5 18:25:33 2026] State updated: idx=3, key=ENTER
[Fri Jun  5 18:25:34 2026] Wraith-Alpha Manager shutting down.
[Fri Jun  5 18:27:40 2026] Wraith-Alpha Manager starting in /home/no/Desktop/🤖️🪤️🏠️/🗓️📆️👩🏻‍💻️/jun-5/wraith-surgical-00.01/1.TPMOS_c_+rmmp.0102.0018
[Fri Jun  5 18:27:40 2026] State updated: idx=1, key=0
[Fri Jun  5 18:27:41 2026] Input received: 97
[Fri Jun  5 18:27:41 2026] State updated: idx=1, key=a
[Fri Jun  5 18:27:42 2026] Input received: 98
[Fri Jun  5 18:27:42 2026] State updated: idx=1, key=b
[Fri Jun  5 18:27:42 2026] Input received: 99
[Fri Jun  5 18:27:42 2026] State updated: idx=1, key=c
[Fri Jun  5 18:27:53 2026] Input received: 98
[Fri Jun  5 18:27:53 2026] State updated: idx=1, key=b
[Fri Jun  5 18:31:18 2026] Wraith-Alpha Manager shutting down.
[Fri Jun  5 18:32:14 2026] Wraith-Alpha Manager starting in /home/no/Desktop/🤖️🪤️🏠️/🗓️📆️👩🏻‍💻️/jun-5/wraith-surgical-00.01/1.TPMOS_c_+rmmp.0102.0018
[Fri Jun  5 18:32:14 2026] State updated: idx=1, key=0
[Fri Jun  5 18:32:16 2026] Input received: 100
[Fri Jun  5 18:32:16 2026] State updated: idx=1, key=d
[Fri Jun  5 18:32:16 2026] Input received: 115
[Fri Jun  5 18:32:16 2026] State updated: idx=1, key=s
[Fri Jun  5 18:32:17 2026] Wraith-Alpha Manager shutting down.
[Fri Jun  5 18:35:42 2026] Wraith-Alpha Manager starting in /home/no/Desktop/🤖️🪤️🏠️/🗓️📆️👩🏻‍💻️/jun-5/wraith-surgical-00.01/1.TPMOS_c_+rmmp.0102.0018
[Fri Jun  5 18:35:42 2026] State updated: idx=1, key=0
[Fri Jun  5 18:35:44 2026] Input received: 104
[Fri Jun  5 18:35:44 2026] State updated: idx=1, key=h
[Fri Jun  5 18:35:44 2026] Input received: 105
[Fri Jun  5 18:35:44 2026] State updated: idx=1, key=i
[Fri Jun  5 18:35:48 2026] Wraith-Alpha Manager shutting down.
[Fri Jun  5 18:49:46 2026] Wraith-Alpha Manager starting in /home/no/Desktop/🤖️🪤️🏠️/🗓️📆️👩🏻‍💻️/jun-5/wraith-surgical-00.01/1.TPMOS_c_+rmmp.0102.0018
[Fri Jun  5 18:49:46 2026] State updated: idx=1, key=0
[Fri Jun  5 18:49:47 2026] Input received: 102
[Fri Jun  5 18:49:47 2026] State updated: idx=1, key=f
[Fri Jun  5 18:49:48 2026] Input received: 100
[Fri Jun  5 18:49:48 2026] State updated: idx=1, key=d
[Fri Jun  5 18:49:48 2026] Input received: 115
[Fri Jun  5 18:49:48 2026] State updated: idx=1, key=s
[Fri Jun  5 18:49:48 2026] Input received: 97
[Fri Jun  5 18:49:48 2026] State updated: idx=1, key=a
[Fri Jun  5 18:49:51 2026] Wraith-Alpha Manager shutting down.
[Fri Jun  5 19:08:28 2026] Wraith-Alpha Manager starting in /home/no/Desktop/🤖️🪤️🏠️/🗓️📆️👩🏻‍💻️/jun-5/wraith-surgical-00.01/1.TPMOS_c_+rmmp.0102.0018
[Fri Jun  5 19:08:28 2026] State updated: idx=1, key=0
[Fri Jun  5 19:08:30 2026] Input received: 106
[Fri Jun  5 19:08:30 2026] State updated: idx=1, key=j
[Fri Jun  5 19:08:31 2026] Input received: 108
[Fri Jun  5 19:08:31 2026] State updated: idx=1, key=l
[Fri Jun  5 19:08:31 2026] Input received: 107
[Fri Jun  5 19:08:31 2026] State updated: idx=1, key=k
[Fri Jun  5 19:08:31 2026] Input received: 106
[Fri Jun  5 19:08:31 2026] State updated: idx=1, key=j
[Fri Jun  5 19:08:36 2026] Wraith-Alpha Manager shutting down.
[Fri Jun  5 19:29:33 2026] Wraith-Alpha Manager starting in /home/no/Desktop/🤖️🪤️🏠️/🗓️📆️👩🏻‍💻️/jun-5/wraith-surgical-00.01/1.TPMOS_c_+rmmp.0102.0018
[Fri Jun  5 19:29:33 2026] State updated: idx=1, key=0
[Fri Jun  5 19:29:34 2026] Input received: 100
[Fri Jun  5 19:29:34 2026] State updated: idx=1, key=d
[Fri Jun  5 19:29:35 2026] Input received: 102
[Fri Jun  5 19:29:35 2026] State updated: idx=1, key=f
[Fri Jun  5 19:29:35 2026] Input received: 100
[Fri Jun  5 19:29:35 2026] State updated: idx=1, key=d
[Fri Jun  5 19:29:35 2026] Input received: 99
[Fri Jun  5 19:29:35 2026] State updated: idx=1, key=c
[Fri Jun  5 19:29:36 2026] Wraith-Alpha Manager shutting down.
[Fri Jun  5 19:32:45 2026] Wraith-Alpha Manager starting in /home/no/Desktop/🤖️🪤️🏠️/🗓️📆️👩🏻‍💻️/jun-5/wraith-surgical-00.01/1.TPMOS_c_+rmmp.0102.0018
[Fri Jun  5 19:32:45 2026] State updated: idx=1, key=0
[Fri Jun  5 19:32:46 2026] Input received: 100
[Fri Jun  5 19:32:46 2026] State updated: idx=1, key=d
[Fri Jun  5 19:32:46 2026] Input received: 102
[Fri Jun  5 19:32:46 2026] State updated: idx=1, key=f
[Fri Jun  5 19:32:46 2026] Input received: 115
[Fri Jun  5 19:32:46 2026] State updated: idx=1, key=s
[Fri Jun  5 19:32:49 2026] Input received: 105
[Fri Jun  5 19:32:49 2026] State updated: idx=1, key=i
[Fri Jun  5 19:32:50 2026] Input received: 108
[Fri Jun  5 19:32:50 2026] State updated: idx=1, key=l
[Fri Jun  5 19:32:52 2026] Input received: 49
[Fri Jun  5 19:32:52 2026] State updated: idx=1, key=1
[Fri Jun  5 19:32:52 2026] Input received: 50
[Fri Jun  5 19:32:52 2026] State updated: idx=1, key=2
[Fri Jun  5 19:32:52 2026] Input received: 51
[Fri Jun  5 19:32:52 2026] State updated: idx=1, key=3
[Fri Jun  5 19:32:55 2026] Wraith-Alpha Manager shutting down.
[Fri Jun  5 20:11:29 2026] Wraith-Alpha Manager starting in /home/no/Desktop/🤖️🪤️🏠️/🗓️📆️👩🏻‍💻️/jun-5/wraith-surgical-00.01/1.TPMOS_c_+rmmp.0102.0018
[Fri Jun  5 20:11:29 2026] State updated: idx=1, key=0
[Fri Jun  5 20:11:32 2026] Input received: 1003
[Fri Jun  5 20:11:32 2026] State updated: idx=2, key=DOWN
[Fri Jun  5 20:11:32 2026] Input received: 1003
[Fri Jun  5 20:11:32 2026] State updated: idx=3, key=DOWN
[Fri Jun  5 20:11:49 2026] Wraith-Alpha Manager shutting down.
[Fri Jun  5 20:12:06 2026] Wraith-Alpha Manager starting in /home/no/Desktop/🤖️🪤️🏠️/🗓️📆️👩🏻‍💻️/jun-5/wraith-surgical-00.01/1.TPMOS_c_+rmmp.0102.0018
[Fri Jun  5 20:12:06 2026] State updated: idx=1, key=0
[Fri Jun  5 20:12:07 2026] Input received: 13
[Fri Jun  5 20:12:07 2026] State updated: idx=1, key=ENTER
[Fri Jun  5 20:12:09 2026] Input received: 1003
[Fri Jun  5 20:12:09 2026] State updated: idx=2, key=DOWN
[Fri Jun  5 20:12:10 2026] Input received: 13
[Fri Jun  5 20:12:10 2026] State updated: idx=2, key=ENTER
[Fri Jun  5 20:12:10 2026] Input received: 1003
[Fri Jun  5 20:12:10 2026] State updated: idx=3, key=DOWN
[Fri Jun  5 20:12:11 2026] Input received: 13
[Fri Jun  5 20:12:11 2026] State updated: idx=3, key=ENTER
[Fri Jun  5 20:12:11 2026] Input received: 1003
[Fri Jun  5 20:12:11 2026] State updated: idx=4, key=DOWN
[Fri Jun  5 20:12:12 2026] Input received: 13
[Fri Jun  5 20:12:12 2026] State updated: idx=4, key=ENTER
[Fri Jun  5 20:12:13 2026] Wraith-Alpha Manager shutting down.
[Fri Jun  5 20:33:29 2026] Wraith-Alpha Manager starting in /home/no/Desktop/🤖️🪤️🏠️/🗓️📆️👩🏻‍💻️/jun-5/wraith-surgical-00.01/1.TPMOS_c_+rmmp.0102.0018
[Fri Jun  5 20:33:29 2026] State updated: idx=1, key=0
[Fri Jun  5 20:33:35 2026] Input received: 1003
[Fri Jun  5 20:33:35 2026] State updated: idx=2, key=DOWN
[Fri Jun  5 20:33:35 2026] Input received: 1003
[Fri Jun  5 20:33:35 2026] State updated: idx=3, key=DOWN
[Fri Jun  5 20:33:36 2026] Input received: 1003
[Fri Jun  5 20:33:36 2026] State updated: idx=4, key=DOWN
[Fri Jun  5 20:33:45 2026] Input received: 1003
[Fri Jun  5 20:33:45 2026] State updated: idx=4, key=DOWN
[Fri Jun  5 20:33:45 2026] Input received: 1003
[Fri Jun  5 20:33:45 2026] State updated: idx=4, key=DOWN
[Fri Jun  5 20:33:46 2026] Input received: 1003
[Fri Jun  5 20:33:46 2026] State updated: idx=4, key=DOWN
[Fri Jun  5 20:33:46 2026] Input received: 1003
[Fri Jun  5 20:33:46 2026] State updated: idx=4, key=DOWN
[Fri Jun  5 20:33:46 2026] Input received: 1003
[Fri Jun  5 20:33:46 2026] State updated: idx=4, key=DOWN
[Fri Jun  5 20:33:47 2026] Input received: 1003
[Fri Jun  5 20:33:47 2026] State updated: idx=4, key=DOWN
[Fri Jun  5 20:33:52 2026] Input received: 13
[Fri Jun  5 20:33:52 2026] State updated: idx=4, key=ENTER
[Fri Jun  5 20:43:32 2026] Input received: 1002
[Fri Jun  5 20:43:32 2026] State updated: idx=3, key=UP
[Fri Jun  5 20:43:33 2026] Input received: 22
[Fri Jun  5 20:43:33 2026] State updated: idx=3, key=22
[Fri Jun  5 20:43:33 2026] Input received: 99
[Fri Jun  5 20:43:33 2026] State updated: idx=3, key=c
[Fri Jun  5 20:43:34 2026] Input received: 22
[Fri Jun  5 20:43:34 2026] State updated: idx=3, key=22
[Fri Jun  5 20:43:34 2026] Wraith-Alpha Manager shutting down.
[Fri Jun  5 20:44:34 2026] Wraith-Alpha Manager starting in /home/no/Desktop/🤖️🪤️🏠️/🗓️📆️👩🏻‍💻️/jun-5/wraith-surgical-00.01/1.TPMOS_c_+rmmp.0102.0018
[Fri Jun  5 20:44:34 2026] State updated: idx=1, key=0
[Fri Jun  5 20:44:36 2026] Input received: 1003
[Fri Jun  5 20:44:36 2026] State updated: idx=2, key=DOWN
[Fri Jun  5 20:44:36 2026] Input received: 1003
[Fri Jun  5 20:44:36 2026] State updated: idx=3, key=DOWN
[Fri Jun  5 20:44:37 2026] Input received: 1003
[Fri Jun  5 20:44:37 2026] State updated: idx=4, key=DOWN
[Fri Jun  5 20:44:38 2026] Input received: 1002
[Fri Jun  5 20:44:38 2026] State updated: idx=3, key=UP
[Fri Jun  5 20:44:39 2026] Input received: 13
[Fri Jun  5 20:44:39 2026] State updated: idx=3, key=ENTER
[Sat Jun  6 11:21:00 2026] Wraith-Alpha Manager shutting down.
[Sat Jun  6 11:36:29 2026] Wraith-Alpha Manager starting in /home/no/Desktop/🤖️🪤️🏠️/🗓️📆️👩🏻‍💻️/jun-5/wraith-surgical-00.01/1.TPMOS_c_+rmmp.0102.0018
[Sat Jun  6 11:36:29 2026] State updated: idx=1, key=0
[Sat Jun  6 11:36:32 2026] Input received: 1003
[Sat Jun  6 11:36:32 2026] State updated: idx=2, key=DOWN
[Sat Jun  6 11:36:33 2026] Input received: 1003
[Sat Jun  6 11:36:33 2026] State updated: idx=3, key=DOWN
[Sat Jun  6 11:36:36 2026] Input received: 1003
[Sat Jun  6 11:36:36 2026] State updated: idx=4, key=DOWN
[Sat Jun  6 11:36:37 2026] Input received: 1002
[Sat Jun  6 11:36:37 2026] State updated: idx=3, key=UP
[Sat Jun  6 11:36:41 2026] Input received: 13
[Sat Jun  6 11:36:41 2026] State updated: idx=3, key=ENTER
[Sat Jun  6 11:36:41 2026] Input received: 1001
[Sat Jun  6 11:36:41 2026] State updated: idx=3, key=RIGHT
[Sat Jun  6 11:36:41 2026] Input received: 1003
[Sat Jun  6 11:36:41 2026] State updated: idx=4, key=DOWN
[Sat Jun  6 11:36:42 2026] Input received: 13
[Sat Jun  6 11:36:42 2026] State updated: idx=4, key=ENTER
[Sat Jun  6 11:36:42 2026] Input received: 1002
[Sat Jun  6 11:36:42 2026] State updated: idx=3, key=UP
[Sat Jun  6 11:36:42 2026] Input received: 1002
[Sat Jun  6 11:36:42 2026] State updated: idx=2, key=UP
[Sat Jun  6 11:36:43 2026] Input received: 13
[Sat Jun  6 11:36:43 2026] State updated: idx=2, key=ENTER
[Sat Jun  6 11:36:44 2026] Input received: 1002
[Sat Jun  6 11:36:44 2026] State updated: idx=1, key=UP
[Sat Jun  6 11:36:44 2026] Input received: 13
[Sat Jun  6 11:36:44 2026] State updated: idx=1, key=ENTER
[Sat Jun  6 11:36:52 2026] Input received: 1003
[Sat Jun  6 11:36:52 2026] State updated: idx=2, key=DOWN
[Sat Jun  6 11:36:52 2026] Input received: 1003
[Sat Jun  6 11:36:52 2026] State updated: idx=3, key=DOWN
[Sat Jun  6 11:36:53 2026] Input received: 1003
[Sat Jun  6 11:36:53 2026] State updated: idx=4, key=DOWN
[Sat Jun  6 11:36:55 2026] Input received: 13
[Sat Jun  6 11:36:55 2026] State updated: idx=4, key=ENTER
[Sat Jun  6 11:37:33 2026] Input received: 1003
[Sat Jun  6 11:37:33 2026] State updated: idx=5, key=DOWN
[Sat Jun  6 11:37:33 2026] Input received: 1003
[Sat Jun  6 11:37:33 2026] State updated: idx=5, key=DOWN
[Sat Jun  6 11:37:34 2026] Input received: 1003
[Sat Jun  6 11:37:34 2026] State updated: idx=5, key=DOWN
[Sat Jun  6 11:37:35 2026] Input received: 1003
[Sat Jun  6 11:37:35 2026] State updated: idx=5, key=DOWN
[Sat Jun  6 11:37:35 2026] Input received: 1002
[Sat Jun  6 11:37:35 2026] State updated: idx=4, key=UP
[Sat Jun  6 11:37:35 2026] Input received: 1002
[Sat Jun  6 11:37:36 2026] State updated: idx=3, key=UP
[Sat Jun  6 11:37:36 2026] Input received: 1003
[Sat Jun  6 11:37:36 2026] State updated: idx=4, key=DOWN
[Sat Jun  6 11:37:36 2026] Input received: 1003
[Sat Jun  6 11:37:36 2026] State updated: idx=5, key=DOWN
[Sat Jun  6 11:37:36 2026] Input received: 1003
[Sat Jun  6 11:37:36 2026] State updated: idx=5, key=DOWN
[Sat Jun  6 11:37:37 2026] Input received: 1003
[Sat Jun  6 11:37:37 2026] State updated: idx=5, key=DOWN
[Sat Jun  6 11:37:37 2026] Input received: 1002
[Sat Jun  6 11:37:37 2026] State updated: idx=4, key=UP
[Sat Jun  6 11:37:37 2026] Input received: 1002
[Sat Jun  6 11:37:37 2026] State updated: idx=3, key=UP
[Sat Jun  6 11:37:37 2026] Input received: 1002
[Sat Jun  6 11:37:37 2026] State updated: idx=2, key=UP
[Sat Jun  6 11:37:38 2026] Input received: 1002
[Sat Jun  6 11:37:38 2026] State updated: idx=1, key=UP
[Sat Jun  6 11:37:38 2026] Input received: 1002
[Sat Jun  6 11:37:38 2026] State updated: idx=1, key=UP
[Sat Jun  6 11:37:39 2026] Input received: 13
[Sat Jun  6 11:37:39 2026] State updated: idx=1, key=ENTER
[Sat Jun  6 11:37:42 2026] Input received: 1003
[Sat Jun  6 11:37:42 2026] State updated: idx=2, key=DOWN
[Sat Jun  6 11:37:42 2026] Input received: 1003
[Sat Jun  6 11:37:42 2026] State updated: idx=3, key=DOWN
[Sat Jun  6 11:37:42 2026] Input received: 1003
[Sat Jun  6 11:37:42 2026] State updated: idx=4, key=DOWN
[Sat Jun  6 11:37:42 2026] Input received: 1003
[Sat Jun  6 11:37:42 2026] State updated: idx=5, key=DOWN
[Sat Jun  6 11:37:42 2026] Input received: 1003
[Sat Jun  6 11:37:42 2026] State updated: idx=5, key=DOWN
[Sat Jun  6 11:37:43 2026] Input received: 1003
[Sat Jun  6 11:37:43 2026] State updated: idx=5, key=DOWN
[Sat Jun  6 11:37:43 2026] Input received: 1003
[Sat Jun  6 11:37:43 2026] State updated: idx=5, key=DOWN
[Sat Jun  6 11:37:44 2026] Input received: 1003
[Sat Jun  6 11:37:44 2026] State updated: idx=5, key=DOWN
[Sat Jun  6 11:37:44 2026] Input received: 1003
[Sat Jun  6 11:37:44 2026] State updated: idx=5, key=DOWN
[Sat Jun  6 11:37:45 2026] Input received: 1003
[Sat Jun  6 11:37:45 2026] State updated: idx=5, key=DOWN
[Sat Jun  6 11:37:45 2026] Input received: 1003
[Sat Jun  6 11:37:45 2026] State updated: idx=5, key=DOWN
[Sat Jun  6 11:37:46 2026] Input received: 1003
[Sat Jun  6 11:37:46 2026] State updated: idx=5, key=DOWN
[Sat Jun  6 11:45:35 2026] Input received: 1003
[Sat Jun  6 11:45:35 2026] State updated: idx=5, key=DOWN
[Sat Jun  6 11:45:35 2026] Input received: 1002
[Sat Jun  6 11:45:35 2026] State updated: idx=4, key=UP
[Sat Jun  6 11:45:35 2026] Input received: 1002
[Sat Jun  6 11:45:35 2026] State updated: idx=3, key=UP
[Sat Jun  6 11:45:37 2026] Input received: 1002
[Sat Jun  6 11:45:37 2026] State updated: idx=2, key=UP
[Sat Jun  6 11:45:38 2026] Wraith-Alpha Manager shutting down.
[Sat Jun  6 11:53:51 2026] Wraith-Alpha Manager starting in /home/no/Desktop/🤖️🪤️🏠️/🗓️📆️👩🏻‍💻️/jun-5/wraith-surgical-00.01/1.TPMOS_c_+rmmp.0102.0018
[Sat Jun  6 11:53:51 2026] State updated: idx=1, key=0
[Sat Jun  6 11:53:53 2026] Input received: 1003
[Sat Jun  6 11:53:53 2026] State updated: idx=2, key=DOWN
[Sat Jun  6 11:53:55 2026] Input received: 1003
[Sat Jun  6 11:53:55 2026] State updated: idx=3, key=DOWN
[Sat Jun  6 11:53:56 2026] Input received: 1003
[Sat Jun  6 11:53:56 2026] State updated: idx=4, key=DOWN
[Sat Jun  6 11:53:57 2026] Input received: 1002
[Sat Jun  6 11:53:57 2026] State updated: idx=3, key=UP
[Sat Jun  6 11:54:02 2026] Input received: 1003
[Sat Jun  6 11:54:02 2026] State updated: idx=4, key=DOWN
[Sat Jun  6 11:54:03 2026] Input received: 1002
[Sat Jun  6 11:54:03 2026] State updated: idx=3, key=UP
[Sat Jun  6 11:54:04 2026] Input received: 13
[Sat Jun  6 11:54:04 2026] State updated: idx=3, key=ENTER
[Sat Jun  6 11:54:07 2026] Input received: 1003
[Sat Jun  6 11:54:07 2026] State updated: idx=4, key=DOWN
[Sat Jun  6 11:54:07 2026] Input received: 1003
[Sat Jun  6 11:54:07 2026] State updated: idx=5, key=DOWN
[Sat Jun  6 11:54:07 2026] Input received: 1003
[Sat Jun  6 11:54:07 2026] State updated: idx=5, key=DOWN
[Sat Jun  6 11:54:08 2026] Input received: 1002
[Sat Jun  6 11:54:08 2026] State updated: idx=4, key=UP
[Sat Jun  6 11:54:14 2026] Input received: 13
[Sat Jun  6 11:54:14 2026] State updated: idx=4, key=ENTER
[Sat Jun  6 11:54:59 2026] Wraith-Alpha Manager shutting down.
[Sat Jun  6 12:05:38 2026] Wraith-Alpha Manager starting in /home/no/Desktop/🤖️🪤️🏠️/🗓️📆️👩🏻‍💻️/jun-5/wraith-surgical-00.01/1.TPMOS_c_+rmmp.0102.0018
[Sat Jun  6 12:05:38 2026] State updated: idx=1, key=0
[Sat Jun  6 12:06:33 2026] Input received: 1003
[Sat Jun  6 12:06:33 2026] State updated: idx=2, key=DOWN
[Sat Jun  6 12:06:34 2026] Input received: 1003
[Sat Jun  6 12:06:34 2026] State updated: idx=3, key=DOWN
[Sat Jun  6 12:06:35 2026] Input received: 13
[Sat Jun  6 12:06:35 2026] State updated: idx=3, key=ENTER
[Sat Jun  6 12:11:44 2026] Wraith-Alpha Manager shutting down.
[Sat Jun  6 12:27:05 2026] Wraith-Alpha Manager starting in /home/no/Desktop/🤖️🪤️🏠️/🗓️📆️👩🏻‍💻️/jun-5/wraith-surgical-00.01/1.TPMOS_c_+rmmp.0102.0018
[Sat Jun  6 12:27:05 2026] State updated: idx=1, key=0
[Sat Jun  6 12:27:09 2026] Input received: 1003
[Sat Jun  6 12:27:09 2026] State updated: idx=2, key=DOWN
[Sat Jun  6 12:27:10 2026] Input received: 1003
[Sat Jun  6 12:27:10 2026] State updated: idx=3, key=DOWN
[Sat Jun  6 12:27:11 2026] Input received: 13
[Sat Jun  6 12:27:11 2026] State updated: idx=3, key=ENTER
[Sat Jun  6 12:28:52 2026] Wraith-Alpha Manager shutting down.
[Sat Jun  6 12:29:22 2026] Wraith-Alpha Manager starting in /home/no/Desktop/🤖️🪤️🏠️/🗓️📆️👩🏻‍💻️/jun-5/wraith-surgical-00.01/1.TPMOS_c_+rmmp.0102.0018
[Sat Jun  6 12:29:22 2026] State updated: idx=1, key=0
[Sat Jun  6 12:29:23 2026] Input received: 1003
[Sat Jun  6 12:29:23 2026] State updated: idx=2, key=DOWN
[Sat Jun  6 12:29:24 2026] Input received: 1003
[Sat Jun  6 12:29:24 2026] State updated: idx=3, key=DOWN
[Sat Jun  6 12:29:24 2026] Input received: 13
[Sat Jun  6 12:29:24 2026] State updated: idx=3, key=ENTER
[Sat Jun  6 12:29:39 2026] Input received: 1003
[Sat Jun  6 12:29:39 2026] State updated: idx=4, key=DOWN
[Sat Jun  6 12:29:41 2026] Input received: 13
[Sat Jun  6 12:29:41 2026] State updated: idx=4, key=ENTER
[Sat Jun  6 12:30:01 2026] Wraith-Alpha Manager shutting down.
[Sat Jun  6 12:40:32 2026] Wraith-Alpha Manager starting in /home/no/Desktop/🤖️🪤️🏠️/🗓️📆️👩🏻‍💻️/jun-5/wraith-surgical-00.01/1.TPMOS_c_+rmmp.0102.0018
[Sat Jun  6 12:40:32 2026] State updated: idx=1, key=0
[Sat Jun  6 12:40:34 2026] Input received: 1003
[Sat Jun  6 12:40:34 2026] State updated: idx=2, key=DOWN
[Sat Jun  6 12:40:35 2026] Input received: 1003
[Sat Jun  6 12:40:35 2026] State updated: idx=3, key=DOWN
[Sat Jun  6 12:40:35 2026] Input received: 13
[Sat Jun  6 12:40:35 2026] State updated: idx=3, key=ENTER
[Sat Jun  6 12:40:38 2026] Input received: 1003
[Sat Jun  6 12:40:38 2026] State updated: idx=4, key=DOWN
[Sat Jun  6 12:40:38 2026] Input received: 13
[Sat Jun  6 12:40:38 2026] State updated: idx=4, key=ENTER
[Sat Jun  6 12:42:19 2026] Wraith-Alpha Manager shutting down.
[Sat Jun  6 12:46:13 2026] Wraith-Alpha Manager starting in /home/no/Desktop/🤖️🪤️🏠️/🗓️📆️👩🏻‍💻️/jun-5/wraith-surgical-00.01/1.TPMOS_c_+rmmp.0102.0018
[Sat Jun  6 12:46:14 2026] State updated: idx=1, key=0
[Sat Jun  6 12:46:16 2026] Input received: 51
[Sat Jun  6 12:46:16 2026] State updated: idx=1, key=3
[Sat Jun  6 12:46:16 2026] Input received: 13
[Sat Jun  6 12:46:16 2026] State updated: idx=1, key=ENTER
[Sat Jun  6 12:46:17 2026] Input received: 52
[Sat Jun  6 12:46:17 2026] State updated: idx=1, key=4
[Sat Jun  6 12:46:17 2026] Input received: 13
[Sat Jun  6 12:46:17 2026] State updated: idx=1, key=ENTER
[Sat Jun  6 12:46:28 2026] Wraith-Alpha Manager shutting down.
[Sat Jun  6 14:05:54 2026] Wraith-Alpha Manager starting in /home/no/Desktop/🤖️🪤️🏠️/🗓️📆️👩🏻‍💻️/jun-5/wraith-surgical-00.01/1.TPMOS_c_+rmmp.0102.0018
[Sat Jun  6 14:05:54 2026] State updated: idx=1, key=0
[Sat Jun  6 14:05:55 2026] Input received: 1003
[Sat Jun  6 14:05:55 2026] State updated: idx=2, key=DOWN
[Sat Jun  6 14:05:56 2026] Input received: 1003
[Sat Jun  6 14:05:56 2026] State updated: idx=3, key=DOWN
[Sat Jun  6 14:05:56 2026] Input received: 13
[Sat Jun  6 14:05:56 2026] State updated: idx=3, key=ENTER
[Sat Jun  6 14:05:58 2026] Input received: 1003
[Sat Jun  6 14:05:58 2026] State updated: idx=4, key=DOWN
[Sat Jun  6 14:05:58 2026] Input received: 13
[Sat Jun  6 14:05:58 2026] State updated: idx=4, key=ENTER
[Sat Jun  6 14:06:09 2026] Wraith-Alpha Manager shutting down.
[Sat Jun  6 14:10:52 2026] Wraith-Alpha Manager starting in /home/no/Desktop/🤖️🪤️🏠️/🗓️📆️👩🏻‍💻️/jun-5/wraith-surgical-00.01/1.TPMOS_c_+rmmp.0102.0018
[Sat Jun  6 14:10:52 2026] State updated: idx=1, key=0
[Sat Jun  6 14:10:54 2026] Input received: 51
[Sat Jun  6 14:10:54 2026] State updated: idx=1, key=3
[Sat Jun  6 14:10:54 2026] Input received: 13
[Sat Jun  6 14:10:54 2026] State updated: idx=1, key=ENTER
[Sat Jun  6 14:10:55 2026] Input received: 52
[Sat Jun  6 14:10:55 2026] State updated: idx=1, key=4
[Sat Jun  6 14:10:55 2026] Input received: 13
[Sat Jun  6 14:10:55 2026] State updated: idx=1, key=ENTER
[Sat Jun  6 14:11:32 2026] Wraith-Alpha Manager shutting down.
[Sat Jun  6 14:26:09 2026] Wraith-Alpha Manager starting in /home/no/Desktop/🤖️🪤️🏠️/🗓️📆️👩🏻‍💻️/jun-5/wraith-surgical-00.01/1.TPMOS_c_+rmmp.0102.0018
[Sat Jun  6 14:26:09 2026] State updated: idx=1, key=0
[Sat Jun  6 14:26:11 2026] Input received: 1003
[Sat Jun  6 14:26:11 2026] State updated: idx=2, key=DOWN
[Sat Jun  6 14:26:12 2026] Input received: 13
[Sat Jun  6 14:26:12 2026] State updated: idx=2, key=ENTER
[Sat Jun  6 14:26:12 2026] Input received: 1003
[Sat Jun  6 14:26:12 2026] State updated: idx=3, key=DOWN
[Sat Jun  6 14:26:12 2026] Input received: 13
[Sat Jun  6 14:26:12 2026] State updated: idx=3, key=ENTER
[Sat Jun  6 14:26:20 2026] Wraith-Alpha Manager shutting down.
[Sat Jun  6 14:31:47 2026] Wraith-Alpha Manager starting in /home/no/Desktop/🤖️🪤️🏠️/🗓️📆️👩🏻‍💻️/jun-5/wraith-surgical-00.01/1.TPMOS_c_+rmmp.0102.0018
[Sat Jun  6 14:31:47 2026] State updated: idx=1, key=0
[Sat Jun  6 14:31:49 2026] Input received: 51
[Sat Jun  6 14:31:49 2026] State updated: idx=1, key=3
[Sat Jun  6 14:31:49 2026] Input received: 13
[Sat Jun  6 14:31:49 2026] State updated: idx=1, key=ENTER
[Sat Jun  6 14:32:14 2026] Wraith-Alpha Manager shutting down.
[Sat Jun  6 14:34:20 2026] Wraith-Alpha Manager starting in /home/no/Desktop/🤖️🪤️🏠️/🗓️📆️👩🏻‍💻️/jun-5/wraith-surgical-00.01/1.TPMOS_c_+rmmp.0102.0018
[Sat Jun  6 14:34:20 2026] State updated: idx=1, key=0
[Sat Jun  6 14:34:21 2026] Input received: 1003
[Sat Jun  6 14:34:21 2026] State updated: idx=2, key=DOWN
[Sat Jun  6 14:34:21 2026] Input received: 1003
[Sat Jun  6 14:34:21 2026] State updated: idx=3, key=DOWN
[Sat Jun  6 14:34:21 2026] Input received: 13
[Sat Jun  6 14:34:21 2026] State updated: idx=3, key=ENTER
[Sat Jun  6 14:43:16 2026] Wraith-Alpha Manager shutting down.
[Sat Jun  6 14:44:01 2026] Wraith-Alpha Manager starting in /home/no/Desktop/🤖️🪤️🏠️/🗓️📆️👩🏻‍💻️/jun-5/wraith-surgical-00.01/1.TPMOS_c_+rmmp.0102.0018
[Sat Jun  6 14:44:01 2026] State updated: idx=1, key=0
[Sat Jun  6 14:44:03 2026] Input received: 51
[Sat Jun  6 14:44:03 2026] State updated: idx=3, key=3
[Sat Jun  6 14:44:03 2026] Input received: 13
[Sat Jun  6 14:44:03 2026] State updated: idx=3, key=ENTER
[Sat Jun  6 14:44:05 2026] Input received: 52
[Sat Jun  6 14:44:05 2026] State updated: idx=4, key=4
[Sat Jun  6 14:44:05 2026] Input received: 13
[Sat Jun  6 14:44:05 2026] State updated: idx=4, key=ENTER
[Sat Jun  6 15:00:21 2026] Input received: 1003
[Sat Jun  6 15:00:21 2026] State updated: idx=5, key=DOWN
[Sat Jun  6 15:00:21 2026] Input received: 1003
[Sat Jun  6 15:00:21 2026] State updated: idx=6, key=DOWN
[Sat Jun  6 15:00:22 2026] Input received: 1002
[Sat Jun  6 15:00:22 2026] State updated: idx=5, key=UP
[Sat Jun  6 15:00:22 2026] Input received: 13
[Sat Jun  6 15:00:22 2026] State updated: idx=5, key=ENTER
[Sat Jun  6 15:00:23 2026] Wraith-Alpha Manager shutting down.
[Sat Jun  6 15:14:11 2026] Wraith-Alpha Manager starting in /home/no/Desktop/🤖️🪤️🏠️/🗓️📆️👩🏻‍💻️/jun-5/wraith-surgical-00.01/1.TPMOS_c_+rmmp.0102.0018
[Sat Jun  6 15:14:11 2026] State updated: idx=1, key=0
[Sat Jun  6 15:14:13 2026] Input received: 1003
[Sat Jun  6 15:14:13 2026] State updated: idx=2, key=DOWN
[Sat Jun  6 15:14:14 2026] Input received: 1003
[Sat Jun  6 15:14:14 2026] State updated: idx=3, key=DOWN
[Sat Jun  6 15:14:15 2026] Input received: 1003
[Sat Jun  6 15:14:15 2026] State updated: idx=4, key=DOWN
[Sat Jun  6 15:14:15 2026] Input received: 1003
[Sat Jun  6 15:14:15 2026] State updated: idx=5, key=DOWN
[Sat Jun  6 15:15:17 2026] Input received: 99
[Sat Jun  6 15:15:17 2026] State updated: idx=5, key=c
[Sat Jun  6 15:15:18 2026] Wraith-Alpha Manager shutting down.
[Sat Jun  6 15:20:07 2026] Wraith-Alpha Manager starting in /home/no/Desktop/🤖️🪤️🏠️/🗓️📆️👩🏻‍💻️/jun-5/wraith-surgical-00.01/1.TPMOS_c_+rmmp.0102.0018
[Sat Jun  6 15:20:07 2026] State updated: idx=1, key=0
[Sat Jun  6 15:20:11 2026] Input received: 1003
[Sat Jun  6 15:20:11 2026] State updated: idx=2, key=DOWN
[Sat Jun  6 15:20:12 2026] Input received: 1003
[Sat Jun  6 15:20:12 2026] State updated: idx=3, key=DOWN
[Sat Jun  6 15:20:13 2026] Input received: 1003
[Sat Jun  6 15:20:13 2026] State updated: idx=4, key=DOWN
[Sat Jun  6 15:20:13 2026] Input received: 1003
[Sat Jun  6 15:20:13 2026] State updated: idx=5, key=DOWN
[Sat Jun  6 15:20:18 2026] Input received: 1002
[Sat Jun  6 15:20:18 2026] State updated: idx=4, key=UP
[Sat Jun  6 15:20:18 2026] Input received: 1003
[Sat Jun  6 15:20:18 2026] State updated: idx=5, key=DOWN
[Sat Jun  6 15:20:20 2026] Input received: 1003
[Sat Jun  6 15:20:20 2026] State updated: idx=6, key=DOWN
[Sat Jun  6 15:20:21 2026] Input received: 1002
[Sat Jun  6 15:20:21 2026] State updated: idx=5, key=UP
[Sat Jun  6 15:20:22 2026] Input received: 1002
[Sat Jun  6 15:20:22 2026] State updated: idx=4, key=UP
[Sat Jun  6 15:20:22 2026] Input received: 1002
[Sat Jun  6 15:20:22 2026] State updated: idx=3, key=UP
[Sat Jun  6 15:20:24 2026] Input received: 1002
[Sat Jun  6 15:20:24 2026] State updated: idx=2, key=UP
[Sat Jun  6 15:20:25 2026] Input received: 1002
[Sat Jun  6 15:20:25 2026] State updated: idx=1, key=UP
[Sat Jun  6 15:21:47 2026] Wraith-Alpha Manager shutting down.
[Sat Jun  6 15:24:14 2026] Wraith-Alpha Manager starting in /home/no/Desktop/🤖️🪤️🏠️/🗓️📆️👩🏻‍💻️/jun-5/wraith-surgical-00.01/1.TPMOS_c_+rmmp.0102.0018
[Sat Jun  6 15:24:14 2026] State updated: idx=1, key=0
[Sat Jun  6 15:24:16 2026] Input received: 1003
[Sat Jun  6 15:24:16 2026] State updated: idx=2, key=DOWN
[Sat Jun  6 15:24:17 2026] Input received: 1003
[Sat Jun  6 15:24:17 2026] State updated: idx=3, key=DOWN
[Sat Jun  6 15:24:17 2026] Input received: 1003
[Sat Jun  6 15:24:17 2026] State updated: idx=4, key=DOWN
[Sat Jun  6 15:24:17 2026] Input received: 1003
[Sat Jun  6 15:24:17 2026] State updated: idx=5, key=DOWN
[Sat Jun  6 15:24:18 2026] Input received: 1003
[Sat Jun  6 15:24:18 2026] State updated: idx=6, key=DOWN
[Sat Jun  6 15:24:30 2026] Input received: 1002
[Sat Jun  6 15:24:30 2026] State updated: idx=5, key=UP
[Sat Jun  6 15:24:30 2026] Input received: 1002
[Sat Jun  6 15:24:30 2026] State updated: idx=4, key=UP
[Sat Jun  6 15:24:30 2026] Input received: 1002
[Sat Jun  6 15:24:30 2026] State updated: idx=3, key=UP
[Sat Jun  6 15:24:35 2026] Wraith-Alpha Manager shutting down.
[Sat Jun  6 15:52:34 2026] Wraith-Alpha Manager starting in /home/no/Desktop/🤖️🪤️🏠️/🗓️📆️👩🏻‍💻️/jun-5/wraith-surgical-00.01/1.TPMOS_c_+rmmp.0102.0018
[Sat Jun  6 15:52:34 2026] State updated: idx=1, key=0
[Sat Jun  6 15:52:36 2026] Input received: 13
[Sat Jun  6 15:52:36 2026] State updated: idx=1, key=ENTER
[Sat Jun  6 15:53:09 2026] Wraith-Alpha Manager shutting down.
[Sat Jun  6 16:05:13 2026] Wraith-Alpha Manager starting in /home/no/Desktop/🤖️🪤️🏠️/🗓️📆️👩🏻‍💻️/jun-5/wraith-surgical-00.01/1.TPMOS_c_+rmmp.0102.0018
[Sat Jun  6 16:05:13 2026] State updated: idx=1, key=0
[Sat Jun  6 16:05:14 2026] Input received: 13
[Sat Jun  6 16:05:14 2026] State updated: idx=1, key=ENTER
[Sat Jun  6 16:06:51 2026] Wraith-Alpha Manager shutting down.
[Sat Jun  6 16:12:38 2026] Wraith-Alpha Manager starting in /home/no/Desktop/🤖️🪤️🏠️/🗓️📆️👩🏻‍💻️/jun-5/wraith-surgical-00.01/1.TPMOS_c_+rmmp.0102.0018
[Sat Jun  6 16:12:38 2026] State updated: idx=1, key=0
[Sat Jun  6 16:12:40 2026] Input received: 13
[Sat Jun  6 16:12:40 2026] State updated: idx=1, key=ENTER
[Sat Jun  6 16:13:00 2026] Wraith-Alpha Manager shutting down.
[Sat Jun  6 16:18:07 2026] Wraith-Alpha Manager starting in /home/no/Desktop/🤖️🪤️🏠️/🗓️📆️👩🏻‍💻️/jun-5/wraith-surgical-00.01/1.TPMOS_c_+rmmp.0102.0018
[Sat Jun  6 16:18:07 2026] State updated: idx=1, key=0
[Sat Jun  6 16:18:08 2026] Input received: 13
[Sat Jun  6 16:18:08 2026] Launch requested: opening Terminal #1 from dock
[Sat Jun  6 16:18:08 2026] State updated: idx=1, key=ENTER
[Sat Jun  6 16:19:12 2026] Input received: 99
[Sat Jun  6 16:19:12 2026] State updated: idx=1, key=c
[Sat Jun  6 16:19:13 2026] Wraith-Alpha Manager shutting down.
[Sat Jun  6 16:19:46 2026] Wraith-Alpha Manager starting in /home/no/Desktop/🤖️🪤️🏠️/🗓️📆️👩🏻‍💻️/jun-5/wraith-surgical-00.01/1.TPMOS_c_+rmmp.0102.0018
[Sat Jun  6 16:19:46 2026] State updated: idx=1, key=0
[Sat Jun  6 16:19:49 2026] Input received: 13
[Sat Jun  6 16:19:49 2026] Launch requested: opening Terminal #1 from dock
[Sat Jun  6 16:19:49 2026] State updated: idx=1, key=ENTER
[Sat Jun  6 16:19:52 2026] Input received: 13
[Sat Jun  6 16:19:52 2026] State updated: idx=1, key=ENTER
[Sat Jun  6 16:28:19 2026] Wraith-Alpha Manager starting in /home/no/Desktop/🤖️🪤️🏠️/🗓️📆️👩🏻‍💻️/jun-5/wraith-surgical-00.01/1.TPMOS_c_+rmmp.0102.0018
[Sat Jun  6 16:28:19 2026] State updated: idx=1, key=0
[Sat Jun  6 16:28:22 2026] Input received: 1003
[Sat Jun  6 16:28:22 2026] State updated: idx=2, key=DOWN
[Sat Jun  6 16:28:22 2026] Input received: 1003
[Sat Jun  6 16:28:22 2026] State updated: idx=3, key=DOWN
[Sat Jun  6 16:28:23 2026] Input received: 1003
[Sat Jun  6 16:28:23 2026] State updated: idx=4, key=DOWN
[Sat Jun  6 16:28:23 2026] Input received: 1003
[Sat Jun  6 16:28:23 2026] State updated: idx=5, key=DOWN
[Sat Jun  6 16:28:24 2026] Input received: 13
[Sat Jun  6 16:28:24 2026] State updated: idx=5, key=ENTER
[Sat Jun  6 16:28:48 2026] Wraith-Alpha Manager shutting down.
[Sat Jun  6 16:30:25 2026] Wraith-Alpha Manager starting in /home/no/Desktop/🤖️🪤️🏠️/🗓️📆️👩🏻‍💻️/jun-5/wraith-surgical-00.01/1.TPMOS_c_+rmmp.0102.0018
[Sat Jun  6 16:30:25 2026] State updated: idx=1, key=0
[Sat Jun  6 16:30:28 2026] Input received: 13
[Sat Jun  6 16:30:28 2026] Launch requested: opening Terminal #1 from dock
[Sat Jun  6 16:30:28 2026] State updated: idx=1, key=ENTER
[Sat Jun  6 16:41:09 2026] Wraith-Alpha Manager shutting down.
[Sat Jun  6 16:54:48 2026] Wraith-Alpha Manager starting in /home/no/Desktop/🤖️🪤️🏠️/🗓️📆️👩🏻‍💻️/jun-5/wraith-surgical-00.01/1.TPMOS_c_+rmmp.0102.0018
[Sat Jun  6 16:54:48 2026] State updated: idx=1, key=0
[Sat Jun  6 16:54:49 2026] Input received: 1003
[Sat Jun  6 16:54:49 2026] State updated: idx=2, key=DOWN
[Sat Jun  6 16:54:49 2026] Input received: 1002
[Sat Jun  6 16:54:49 2026] State updated: idx=1, key=UP
[Sat Jun  6 16:54:50 2026] Input received: 1003
[Sat Jun  6 16:54:50 2026] State updated: idx=2, key=DOWN
[Sat Jun  6 16:54:50 2026] Input received: 13
[Sat Jun  6 16:54:50 2026] State updated: idx=2, key=ENTER
[Sat Jun  6 16:54:52 2026] Input received: 13
[Sat Jun  6 16:54:52 2026] State updated: idx=2, key=ENTER
[Sat Jun  6 16:54:53 2026] Wraith-Alpha Manager shutting down.
[Sat Jun  6 16:54:59 2026] Wraith-Alpha Manager starting in /home/no/Desktop/🤖️🪤️🏠️/🗓️📆️👩🏻‍💻️/jun-5/wraith-surgical-00.01/1.TPMOS_c_+rmmp.0102.0018
[Sat Jun  6 16:54:59 2026] State updated: idx=1, key=0
[Sat Jun  6 16:54:59 2026] Input received: 13
[Sat Jun  6 16:54:59 2026] Launch requested: opening Terminal #1 from dock
[Sat Jun  6 16:54:59 2026] State updated: idx=1, key=ENTER
[Sat Jun  6 16:55:09 2026] Wraith-Alpha Manager shutting down.
[Sat Jun  6 16:55:20 2026] Wraith-Alpha Manager starting in /home/no/Desktop/🤖️🪤️🏠️/🗓️📆️👩🏻‍💻️/jun-5/wraith-surgical-00.01/1.TPMOS_c_+rmmp.0102.0018
[Sat Jun  6 16:55:20 2026] State updated: idx=1, key=0
[Sat Jun  6 16:55:20 2026] Input received: 13
[Sat Jun  6 16:55:20 2026] Launch requested: opening Terminal #1 from dock
[Sat Jun  6 16:55:20 2026] State updated: idx=1, key=ENTER
[Sat Jun  6 16:58:01 2026] Wraith-Alpha Manager shutting down.
[Sat Jun  6 17:00:12 2026] Wraith-Alpha Manager starting in /home/no/Desktop/🤖️🪤️🏠️/🗓️📆️👩🏻‍💻️/jun-5/wraith-surgical-00.01/1.TPMOS_c_+rmmp.0102.0018
[Sat Jun  6 17:00:12 2026] State updated: idx=1, key=0
[Sat Jun  6 17:00:13 2026] Input received: 1003
[Sat Jun  6 17:00:13 2026] State updated: idx=2, key=DOWN
[Sat Jun  6 17:00:14 2026] Input received: 1002
[Sat Jun  6 17:00:14 2026] State updated: idx=1, key=UP
[Sat Jun  6 17:00:14 2026] Input received: 13
[Sat Jun  6 17:00:14 2026] Launch requested: opening Terminal #1 from dock
[Sat Jun  6 17:00:14 2026] State updated: idx=1, key=ENTER
[Sat Jun  6 17:21:54 2026] Wraith-Alpha Manager shutting down.
[Sat Jun  6 19:32:11 2026] Wraith-Alpha Manager starting in /home/no/Desktop/🤖️🪤️🏠️/🗓️📆️👩🏻‍💻️/jun-5/wraith-surgical-00.01/1.TPMOS_c_+rmmp.0102.0018
[Sat Jun  6 19:32:11 2026] State updated: idx=1, key=0
[Sat Jun  6 19:32:13 2026] Input received: 13
[Sat Jun  6 19:32:13 2026] Launch requested: opening Terminal #1 from dock
[Sat Jun  6 19:32:13 2026] State updated: idx=1, key=ENTER
[Sat Jun  6 19:32:19 2026] Input received: 1003
[Sat Jun  6 19:32:19 2026] State updated: idx=2, key=DOWN
[Sat Jun  6 19:32:19 2026] Input received: 1003
[Sat Jun  6 19:32:19 2026] State updated: idx=3, key=DOWN
[Sat Jun  6 19:32:20 2026] Input received: 1003
[Sat Jun  6 19:32:20 2026] State updated: idx=4, key=DOWN
[Sat Jun  6 19:32:26 2026] Input received: 1002
[Sat Jun  6 19:32:26 2026] State updated: idx=3, key=UP
[Sat Jun  6 19:32:27 2026] Input received: 13
[Sat Jun  6 19:32:27 2026] State updated: idx=3, key=ENTER
[Sat Jun  6 19:32:28 2026] Input received: 1003
[Sat Jun  6 19:32:28 2026] State updated: idx=4, key=DOWN
[Sat Jun  6 19:32:28 2026] Input received: 13
[Sat Jun  6 19:32:28 2026] State updated: idx=4, key=ENTER
[Sat Jun  6 19:45:20 2026] Input received: 1002
[Sat Jun  6 19:45:20 2026] State updated: idx=3, key=UP
[Sat Jun  6 19:45:21 2026] Wraith-Alpha Manager shutting down.
[Sat Jun  6 19:46:13 2026] Wraith-Alpha Manager starting in /home/no/Desktop/🤖️🪤️🏠️/🗓️📆️👩🏻‍💻️/jun-5/wraith-surgical-00.01/1.TPMOS_c_+rmmp.0102.0018
[Sat Jun  6 19:46:13 2026] State updated: idx=1, key=0
[Sat Jun  6 19:46:16 2026] Input received: 13
[Sat Jun  6 19:46:16 2026] Launch requested: opening Terminal #1 from dock
[Sat Jun  6 19:46:16 2026] State updated: idx=1, key=ENTER
[Sat Jun  6 19:46:19 2026] Input received: 51
[Sat Jun  6 19:46:19 2026] State updated: idx=3, key=3
[Sat Jun  6 19:46:19 2026] Input received: 13
[Sat Jun  6 19:46:19 2026] State updated: idx=3, key=ENTER
[Sat Jun  6 19:46:22 2026] Input received: 52
[Sat Jun  6 19:46:22 2026] State updated: idx=4, key=4
[Sat Jun  6 19:46:23 2026] Input received: 13
[Sat Jun  6 19:46:23 2026] State updated: idx=4, key=ENTER
[Sat Jun  6 19:46:54 2026] Wraith-Alpha Manager shutting down.
[Sat Jun  6 19:50:26 2026] Wraith-Alpha Manager starting in /home/no/Desktop/🤖️🪤️🏠️/🗓️📆️👩🏻‍💻️/jun-5/wraith-surgical-00.01/1.TPMOS_c_+rmmp.0102.0018
[Sat Jun  6 19:50:26 2026] State updated: idx=1, key=0
[Sat Jun  6 19:50:27 2026] Input received: 13
[Sat Jun  6 19:50:27 2026] Launch requested: opening Terminal #1 from dock
[Sat Jun  6 19:50:27 2026] State updated: idx=1, key=ENTER
[Sat Jun  6 19:50:29 2026] Input received: 51
[Sat Jun  6 19:50:29 2026] State updated: idx=3, key=3
[Sat Jun  6 19:50:29 2026] Input received: 13
[Sat Jun  6 19:50:29 2026] Minimize requested: moving Terminal #1 to toolbar
[Sat Jun  6 19:50:29 2026] State updated: idx=3, key=ENTER
[Sat Jun  6 19:50:31 2026] Input received: 50
[Sat Jun  6 19:50:31 2026] State updated: idx=2, key=2
[Sat Jun  6 19:50:31 2026] Input received: 13
[Sat Jun  6 19:50:31 2026] State updated: idx=2, key=ENTER
[Sat Jun  6 19:50:32 2026] Input received: 13
[Sat Jun  6 19:50:32 2026] State updated: idx=2, key=ENTER
[Sat Jun  6 19:50:37 2026] Wraith-Alpha Manager shutting down.
[Sat Jun  6 19:50:50 2026] Wraith-Alpha Manager starting in /home/no/Desktop/🤖️🪤️🏠️/🗓️📆️👩🏻‍💻️/jun-5/wraith-surgical-00.01/1.TPMOS_c_+rmmp.0102.0018
[Sat Jun  6 19:50:50 2026] State updated: idx=1, key=0
[Sat Jun  6 19:50:51 2026] Input received: 13
[Sat Jun  6 19:50:51 2026] Launch requested: opening Terminal #1 from dock
[Sat Jun  6 19:50:51 2026] State updated: idx=1, key=ENTER
[Sat Jun  6 19:50:52 2026] Input received: 52
[Sat Jun  6 19:50:52 2026] State updated: idx=4, key=4
[Sat Jun  6 19:50:53 2026] Input received: 13
[Sat Jun  6 19:50:53 2026] Close requested: quitting Terminal #1
[Sat Jun  6 19:50:53 2026] State updated: idx=4, key=ENTER
[Sat Jun  6 19:51:13 2026] Input received: 49
[Sat Jun  6 19:51:13 2026] State updated: idx=1, key=1
[Sat Jun  6 19:51:14 2026] Input received: 13
[Sat Jun  6 19:51:14 2026] Launch requested: opening Terminal #1 from dock
[Sat Jun  6 19:51:14 2026] State updated: idx=1, key=ENTER
[Sat Jun  6 20:33:09 2026] Wraith-Alpha Manager shutting down.
[Sat Jun  6 20:34:21 2026] Wraith-Alpha Manager starting in /home/no/Desktop/🤖️🪤️🏠️/🗓️📆️👩🏻‍💻️/jun-5/wraith-surgical-00.01/1.TPMOS_c_+rmmp.0102.0018
[Sat Jun  6 20:34:21 2026] State updated: idx=1, key=0
[Sat Jun  6 20:34:23 2026] Input received: 13
[Sat Jun  6 20:34:23 2026] Launch requested: opening Terminal #1 from dock
[Sat Jun  6 20:34:23 2026] State updated: idx=1, key=ENTER
[Sat Jun  6 20:34:26 2026] Input received: 51
[Sat Jun  6 20:34:26 2026] State updated: idx=3, key=3
[Sat Jun  6 20:34:26 2026] Input received: 13
[Sat Jun  6 20:34:26 2026] Minimize requested: moving Terminal #1 to toolbar
[Sat Jun  6 20:34:26 2026] State updated: idx=3, key=ENTER
[Sat Jun  6 20:34:27 2026] Input received: 50
[Sat Jun  6 20:34:27 2026] State updated: idx=2, key=2
[Sat Jun  6 20:34:27 2026] Input received: 13
[Sat Jun  6 20:34:27 2026] State updated: idx=2, key=ENTER
[Sat Jun  6 20:34:52 2026] Wraith-Alpha Manager shutting down.
[Sat Jun  6 20:37:45 2026] Wraith-Alpha Manager starting in /home/no/Desktop/🤖️🪤️🏠️/🗓️📆️👩🏻‍💻️/jun-5/wraith-surgical-00.01/1.TPMOS_c_+rmmp.0102.0018
[Sat Jun  6 20:37:45 2026] State updated: idx=1, key=0
[Sat Jun  6 20:37:46 2026] Input received: 13
[Sat Jun  6 20:37:46 2026] Launch requested: opening Terminal #1 from dock
[Sat Jun  6 20:37:46 2026] State updated: idx=1, key=ENTER
[Sat Jun  6 20:37:49 2026] Input received: 51
[Sat Jun  6 20:37:49 2026] State updated: idx=3, key=3
[Sat Jun  6 20:37:49 2026] Input received: 13
[Sat Jun  6 20:37:49 2026] Minimize requested: moving Terminal #1 to toolbar
[Sat Jun  6 20:37:49 2026] State updated: idx=3, key=ENTER
[Sat Jun  6 20:37:51 2026] Input received: 50
[Sat Jun  6 20:37:51 2026] State updated: idx=2, key=2
[Sat Jun  6 20:37:51 2026] Input received: 13
[Sat Jun  6 20:37:51 2026] State updated: idx=2, key=ENTER
[Sat Jun  6 20:38:06 2026] Wraith-Alpha Manager shutting down.
[Sat Jun  6 20:48:27 2026] Wraith-Alpha Manager starting in /home/no/Desktop/🤖️🪤️🏠️/🗓️📆️👩🏻‍💻️/jun-5/wraith-surgical-00.01/1.TPMOS_c_+rmmp.0102.0018
[Sat Jun  6 20:48:27 2026] State updated: idx=1, key=0
[Sat Jun  6 20:48:28 2026] Input received: 13
[Sat Jun  6 20:48:28 2026] Launch requested: opening Terminal #1 from dock
[Sat Jun  6 20:48:28 2026] State updated: idx=1, key=ENTER
[Sat Jun  6 20:48:30 2026] Input received: 51
[Sat Jun  6 20:48:30 2026] State updated: idx=3, key=3
[Sat Jun  6 20:48:30 2026] Input received: 13
[Sat Jun  6 20:48:30 2026] Minimize requested: moving Terminal #1 to toolbar
[Sat Jun  6 20:48:30 2026] State updated: idx=3, key=ENTER
[Sat Jun  6 20:48:31 2026] Input received: 50
[Sat Jun  6 20:48:31 2026] State updated: idx=2, key=2
[Sat Jun  6 20:48:32 2026] Input received: 13
[Sat Jun  6 20:48:32 2026] State updated: idx=2, key=ENTER
[Sat Jun  6 20:58:17 2026] Wraith-Alpha Manager shutting down.
[Sat Jun  6 20:59:13 2026] Wraith-Alpha Manager starting in /home/no/Desktop/🤖️🪤️🏠️/🗓️📆️👩🏻‍💻️/jun-5/wraith-surgical-00.01/1.TPMOS_c_+rmmp.0102.0018
[Sat Jun  6 20:59:13 2026] State updated: idx=1, key=0
[Sat Jun  6 20:59:14 2026] Input received: 13
[Sat Jun  6 20:59:14 2026] Launch requested: opening Terminal #1 from dock
[Sat Jun  6 20:59:14 2026] State updated: idx=1, key=ENTER
[Sat Jun  6 20:59:16 2026] Input received: 51
[Sat Jun  6 20:59:16 2026] State updated: idx=3, key=3
[Sat Jun  6 20:59:17 2026] Input received: 13
[Sat Jun  6 20:59:17 2026] Minimize requested: moving Terminal #1 to toolbar
[Sat Jun  6 20:59:17 2026] State updated: idx=3, key=ENTER
[Sat Jun  6 20:59:18 2026] Input received: 50
[Sat Jun  6 20:59:18 2026] State updated: idx=2, key=2
[Sat Jun  6 20:59:18 2026] Input received: 13
[Sat Jun  6 20:59:18 2026] State updated: idx=2, key=ENTER
[Sat Jun  6 20:59:43 2026] Input received: 99
[Sat Jun  6 20:59:43 2026] State updated: idx=2, key=c
[Sat Jun  6 20:59:44 2026] Wraith-Alpha Manager shutting down.
[Sat Jun  6 21:09:15 2026] Wraith-Alpha Manager starting in /home/no/Desktop/🤖️🪤️🏠️/🗓️📆️👩🏻‍💻️/jun-5/wraith-surgical-00.01/1.TPMOS_c_+rmmp.0102.0018
[Sat Jun  6 21:09:15 2026] State updated: idx=1, key=0
[Sat Jun  6 21:09:16 2026] Input received: 13
[Sat Jun  6 21:09:16 2026] Launch requested: opening Terminal #1 from dock
[Sat Jun  6 21:09:16 2026] State updated: idx=1, key=ENTER
[Sat Jun  6 21:09:17 2026] Input received: 51
[Sat Jun  6 21:09:17 2026] State updated: idx=3, key=3
[Sat Jun  6 21:09:17 2026] Input received: 13
[Sat Jun  6 21:09:17 2026] Minimize requested: moving Terminal #1 to toolbar
[Sat Jun  6 21:09:17 2026] State updated: idx=3, key=ENTER
[Sat Jun  6 21:09:18 2026] Input received: 50
[Sat Jun  6 21:09:18 2026] State updated: idx=2, key=2
[Sat Jun  6 21:09:19 2026] Input received: 13
[Sat Jun  6 21:09:19 2026] State updated: idx=2, key=ENTER
[Sat Jun  6 21:09:45 2026] Wraith-Alpha Manager shutting down.
[Sat Jun  6 21:13:35 2026] Wraith-Alpha Manager starting in /home/no/Desktop/🤖️🪤️🏠️/🗓️📆️👩🏻‍💻️/jun-5/wraith-surgical-00.01/1.TPMOS_c_+rmmp.0102.0018
[Sat Jun  6 21:13:35 2026] State updated: idx=1, key=0
[Sat Jun  6 21:13:38 2026] Input received: 13
[Sat Jun  6 21:13:38 2026] Launch requested: opening Terminal #1 from dock
[Sat Jun  6 21:13:38 2026] State updated: idx=1, key=ENTER
[Sat Jun  6 21:13:40 2026] Input received: 51
[Sat Jun  6 21:13:40 2026] State updated: idx=3, key=3
[Sat Jun  6 21:13:41 2026] Input received: 13
[Sat Jun  6 21:13:41 2026] Minimize requested: moving Terminal #1 to toolbar
[Sat Jun  6 21:13:41 2026] State updated: idx=3, key=ENTER
[Sat Jun  6 21:13:42 2026] Input received: 50
[Sat Jun  6 21:13:42 2026] State updated: idx=2, key=2
[Sat Jun  6 21:13:42 2026] Input received: 13
[Sat Jun  6 21:13:42 2026] State updated: idx=2, key=ENTER
[Sat Jun  6 21:14:17 2026] Wraith-Alpha Manager shutting down.
[Sat Jun  6 21:29:17 2026] Wraith-Alpha Manager starting in /home/no/Desktop/🤖️🪤️🏠️/🗓️📆️👩🏻‍💻️/jun-5/wraith-surgical-00.01/1.TPMOS_c_+rmmp.0102.0018
[Sat Jun  6 21:29:17 2026] State updated: idx=1, key=0
[Sat Jun  6 21:29:18 2026] Input received: 13
[Sat Jun  6 21:29:18 2026] Launch requested: opening Terminal #1 from dock
[Sat Jun  6 21:29:18 2026] State updated: idx=1, key=ENTER
[Sat Jun  6 21:29:19 2026] Input received: 51
[Sat Jun  6 21:29:19 2026] State updated: idx=3, key=3
[Sat Jun  6 21:29:19 2026] Input received: 13
[Sat Jun  6 21:29:19 2026] Minimize requested: moving Terminal #1 to toolbar
[Sat Jun  6 21:29:19 2026] State updated: idx=3, key=ENTER
[Sat Jun  6 21:29:21 2026] Input received: 50
[Sat Jun  6 21:29:21 2026] State updated: idx=2, key=2
[Sat Jun  6 21:29:21 2026] Input received: 13
[Sat Jun  6 21:29:21 2026] State updated: idx=2, key=ENTER
[Sat Jun  6 21:29:33 2026] Wraith-Alpha Manager shutting down.
[Sat Jun  6 22:01:31 2026] Wraith-Alpha Manager starting in /home/no/Desktop/🤖️🪤️🏠️/🗓️📆️👩🏻‍💻️/jun-5/wraith-surgical-00.01/1.TPMOS_c_+rmmp.0102.0018
[Sat Jun  6 22:01:31 2026] State updated: idx=1, key=0
[Sat Jun  6 22:01:48 2026] Input received: 13
[Sat Jun  6 22:01:48 2026] Launch requested: opening Terminal #1 from dock
[Sat Jun  6 22:01:48 2026] State updated: idx=1, key=ENTER
[Sat Jun  6 22:02:12 2026] Input received: 51
[Sat Jun  6 22:02:12 2026] State updated: idx=3, key=3
[Sat Jun  6 22:02:12 2026] Input received: 13
[Sat Jun  6 22:02:12 2026] Minimize requested: moving Terminal #1 to toolbar
[Sat Jun  6 22:02:12 2026] State updated: idx=3, key=ENTER
[Sat Jun  6 22:22:02 2026] History truncation detected.
[Sat Jun  6 22:22:15 2026] Input received: 13
[Sat Jun  6 22:22:15 2026] Minimize requested: moving Terminal #1 to toolbar
[Sat Jun  6 22:22:15 2026] State updated: idx=3, key=ENTER
[Sat Jun  6 22:23:11 2026] Input received: 50
[Sat Jun  6 22:23:11 2026] State updated: idx=2, key=2
[Sat Jun  6 22:23:11 2026] Input received: 13
[Sat Jun  6 22:23:11 2026] State updated: idx=2, key=ENTER
[Sat Jun  6 22:23:27 2026] Input received: 52
[Sat Jun  6 22:23:27 2026] State updated: idx=4, key=4
[Sat Jun  6 22:23:27 2026] Input received: 49
[Sat Jun  6 22:23:27 2026] State updated: idx=1, key=1
[Sat Jun  6 22:23:27 2026] Input received: 13
[Sat Jun  6 22:23:27 2026] State updated: idx=1, key=ENTER
[Sat Jun  6 22:23:27 2026] Wraith-Alpha Manager starting in /home/no/Desktop/🤖️🪤️🏠️/🗓️📆️👩🏻‍💻️/jun-5/wraith-surgical-00.01/1.TPMOS_c_+rmmp.0102.0018
[Sat Jun  6 22:23:27 2026] State updated: idx=1, key=0
[Sat Jun  6 22:23:43 2026] Input received: 13
[Sat Jun  6 22:23:43 2026] State updated: idx=1, key=ENTER
[Sat Jun  6 22:23:43 2026] Input received: 13
[Sat Jun  6 22:23:43 2026] Launch requested: opening Terminal #1 from dock
[Sat Jun  6 22:23:43 2026] State updated: idx=1, key=ENTER
[Sat Jun  6 22:23:59 2026] Input received: 54
[Sat Jun  6 22:23:59 2026] Input received: 54
[Sat Jun  6 22:23:59 2026] State updated: idx=1, key=6
[Sat Jun  6 22:23:59 2026] Input received: 13
[Sat Jun  6 22:23:59 2026] State updated: idx=1, key=6
[Sat Jun  6 22:23:59 2026] Input received: 13
[Sat Jun  6 22:23:59 2026] State updated: idx=1, key=ENTER
[Sat Jun  6 22:23:59 2026] State updated: idx=1, key=ENTER
[Sat Jun  6 22:25:58 2026] Input received: 51
[Sat Jun  6 22:25:58 2026] State updated: idx=3, key=3
[Sat Jun  6 22:25:58 2026] Input received: 13
[Sat Jun  6 22:25:58 2026] Minimize requested: moving Terminal #1 to toolbar
[Sat Jun  6 22:25:58 2026] Input received: 51
[Sat Jun  6 22:25:58 2026] State updated: idx=3, key=ENTER
[Sat Jun  6 22:25:58 2026] State updated: idx=3, key=3
[Sat Jun  6 22:25:58 2026] Input received: 13
[Sat Jun  6 22:25:58 2026] Minimize requested: moving Terminal #1 to toolbar
[Sat Jun  6 22:25:58 2026] State updated: idx=3, key=ENTER
[Sat Jun  6 22:26:14 2026] Toolbar restore requested: reopening Terminal #1
[Sat Jun  6 22:26:14 2026] State updated: idx=3, key=0
[Sat Jun  6 22:35:05 2026] History truncation detected.
[Sat Jun  6 22:35:05 2026] History truncation detected.
[Sat Jun  6 22:35:33 2026] Input received: 13
[Sat Jun  6 22:35:33 2026] Minimize requested: moving Terminal #1 to toolbar
[Sat Jun  6 22:35:33 2026] State updated: idx=3, key=ENTER
[Sat Jun  6 22:35:33 2026] Input received: 13
[Sat Jun  6 22:35:33 2026] Minimize requested: moving Terminal #1 to toolbar
[Sat Jun  6 22:35:33 2026] State updated: idx=3, key=ENTER
[Sat Jun  6 22:35:46 2026] Input received: 13
[Sat Jun  6 22:35:46 2026] Minimize requested: moving Terminal #1 to toolbar
[Sat Jun  6 22:35:46 2026] Input received: 13
[Sat Jun  6 22:35:46 2026] Minimize requested: moving Terminal #1 to toolbar
[Sat Jun  6 22:35:46 2026] State updated: idx=3, key=ENTER
[Sat Jun  6 22:35:46 2026] Input received: 52
[Sat Jun  6 22:35:46 2026] State updated: idx=3, key=ENTER
[Sat Jun  6 22:35:46 2026] Input received: 52
[Sat Jun  6 22:35:46 2026] State updated: idx=4, key=4
[Sat Jun  6 22:35:46 2026] Input received: 49
[Sat Jun  6 22:35:46 2026] State updated: idx=4, key=4
[Sat Jun  6 22:35:46 2026] Input received: 49
[Sat Jun  6 22:35:46 2026] State updated: idx=1, key=1
[Sat Jun  6 22:35:46 2026] Input received: 13
[Sat Jun  6 22:35:46 2026] State updated: idx=1, key=1
[Sat Jun  6 22:35:46 2026] Input received: 13
[Sat Jun  6 22:35:46 2026] State updated: idx=1, key=ENTER
[Sat Jun  6 22:35:46 2026] State updated: idx=1, key=ENTER
[Sat Jun  6 22:41:27 2026] History truncation detected.
[Sat Jun  6 22:41:27 2026] History truncation detected.
[Sat Jun  6 22:41:40 2026] Input received: 13
[Sat Jun  6 22:41:40 2026] State updated: idx=1, key=ENTER
[Sat Jun  6 22:41:40 2026] Input received: 52
[Sat Jun  6 22:41:40 2026] Input received: 13
[Sat Jun  6 22:41:40 2026] State updated: idx=4, key=4
[Sat Jun  6 22:41:40 2026] Input received: 49
[Sat Jun  6 22:41:40 2026] State updated: idx=1, key=ENTER
[Sat Jun  6 22:41:40 2026] Input received: 52
[Sat Jun  6 22:41:40 2026] State updated: idx=1, key=1
[Sat Jun  6 22:41:40 2026] Input received: 13
[Sat Jun  6 22:41:40 2026] State updated: idx=4, key=4
[Sat Jun  6 22:41:40 2026] Input received: 49
[Sat Jun  6 22:41:40 2026] State updated: idx=1, key=ENTER
[Sat Jun  6 22:41:40 2026] State updated: idx=1, key=1
[Sat Jun  6 22:41:40 2026] Input received: 13
[Sat Jun  6 22:41:40 2026] State updated: idx=1, key=ENTER
[Sat Jun  6 22:41:40 2026] Wraith-Alpha Manager starting in /home/no/Desktop/🤖️🪤️🏠️/🗓️📆️👩🏻‍💻️/jun-5/wraith-surgical-00.01/1.TPMOS_c_+rmmp.0102.0018
[Sat Jun  6 22:41:40 2026] State updated: idx=1, key=0
[Sat Jun  6 22:42:00 2026] Input received: 13
[Sat Jun  6 22:42:00 2026] State updated: idx=1, key=ENTER
[Sat Jun  6 22:42:00 2026] Input received: 13
[Sat Jun  6 22:42:00 2026] State updated: idx=1, key=ENTER
[Sat Jun  6 22:42:00 2026] Input received: 13
[Sat Jun  6 22:42:00 2026] Launch requested: opening Terminal #1 from dock
[Sat Jun  6 22:42:00 2026] State updated: idx=1, key=ENTER
[Sat Jun  6 22:49:47 2026] History truncation detected.
[Sat Jun  6 22:49:47 2026] History truncation detected.
[Sat Jun  6 22:49:47 2026] History truncation detected.
[Sat Jun  6 22:49:54 2026] Input received: 13
[Sat Jun  6 22:49:54 2026] Launch requested: opening Terminal #1 from dock
[Sat Jun  6 22:49:54 2026] State updated: idx=1, key=ENTER
[Sat Jun  6 22:49:54 2026] Input received: 52
[Sat Jun  6 22:49:54 2026] State updated: idx=4, key=4
[Sat Jun  6 22:49:54 2026] Input received: 49
[Sat Jun  6 22:49:54 2026] State updated: idx=1, key=1
[Sat Jun  6 22:49:54 2026] Input received: 13
[Sat Jun  6 22:49:54 2026] State updated: idx=1, key=ENTER
[Sat Jun  6 22:49:54 2026] Input received: 13
[Sat Jun  6 22:49:54 2026] Launch requested: opening Terminal #1 from dock
[Sat Jun  6 22:49:54 2026] State updated: idx=1, key=ENTER
[Sat Jun  6 22:49:54 2026] Input received: 52
[Sat Jun  6 22:49:54 2026] State updated: idx=4, key=4
[Sat Jun  6 22:49:54 2026] Input received: 49
[Sat Jun  6 22:49:54 2026] State updated: idx=1, key=1
[Sat Jun  6 22:49:54 2026] Input received: 13
[Sat Jun  6 22:49:54 2026] State updated: idx=1, key=ENTER
[Sat Jun  6 22:49:54 2026] Input received: 13
[Sat Jun  6 22:49:54 2026] State updated: idx=1, key=ENTER
[Sat Jun  6 22:49:54 2026] Input received: 52
[Sat Jun  6 22:49:54 2026] State updated: idx=4, key=4
[Sat Jun  6 22:49:54 2026] Input received: 49
[Sat Jun  6 22:49:54 2026] State updated: idx=1, key=1
[Sat Jun  6 22:49:54 2026] Input received: 13
[Sat Jun  6 22:49:54 2026] State updated: idx=1, key=ENTER
[Sat Jun  6 22:49:55 2026] Wraith-Alpha Manager starting in /home/no/Desktop/🤖️🪤️🏠️/🗓️📆️👩🏻‍💻️/jun-5/wraith-surgical-00.01/1.TPMOS_c_+rmmp.0102.0018
[Sat Jun  6 22:49:55 2026] State updated: idx=1, key=0
[Sat Jun  6 22:50:08 2026] Input received: 13
[Sat Jun  6 22:50:08 2026] Input received: 13
[Sat Jun  6 22:50:08 2026] Input received: 13
[Sat Jun  6 22:50:08 2026] State updated: idx=1, key=ENTER
[Sat Jun  6 22:50:08 2026] Input received: 13
[Sat Jun  6 22:50:08 2026] Launch requested: opening Terminal #1 from dock
[Sat Jun  6 22:50:08 2026] State updated: idx=1, key=ENTER
[Sat Jun  6 22:50:08 2026] State updated: idx=1, key=ENTER
[Sat Jun  6 22:50:08 2026] State updated: idx=1, key=ENTER
[Sat Jun  6 22:52:27 2026] History truncation detected.
[Sat Jun  6 22:52:27 2026] History truncation detected.
[Sat Jun  6 22:52:27 2026] History truncation detected.
[Sat Jun  6 22:52:27 2026] History truncation detected.
[Sat Jun  6 22:53:15 2026] Input received: 13
[Sat Jun  6 22:53:15 2026] Launch requested: opening Terminal #1 from dock
[Sat Jun  6 22:53:15 2026] State updated: idx=1, key=ENTER
[Sat Jun  6 22:53:15 2026] Input received: 52
[Sat Jun  6 22:53:15 2026] State updated: idx=4, key=4
[Sat Jun  6 22:53:15 2026] Input received: 49
[Sat Jun  6 22:53:15 2026] State updated: idx=1, key=1
[Sat Jun  6 22:53:15 2026] Input received: 13
[Sat Jun  6 22:53:15 2026] State updated: idx=1, key=ENTER
[Sat Jun  6 22:53:15 2026] Input received: 13
[Sat Jun  6 22:53:15 2026] Launch requested: opening Terminal #1 from dock
[Sat Jun  6 22:53:15 2026] State updated: idx=1, key=ENTER
[Sat Jun  6 22:53:15 2026] Input received: 52
[Sat Jun  6 22:53:15 2026] State updated: idx=4, key=4
[Sat Jun  6 22:53:15 2026] Input received: 49
[Sat Jun  6 22:53:15 2026] State updated: idx=1, key=1
[Sat Jun  6 22:53:15 2026] Input received: 13
[Sat Jun  6 22:53:15 2026] State updated: idx=1, key=ENTER
[Sat Jun  6 22:53:15 2026] Input received: 13
[Sat Jun  6 22:53:15 2026] State updated: idx=1, key=ENTER
[Sat Jun  6 22:53:15 2026] Input received: 52
[Sat Jun  6 22:53:15 2026] State updated: idx=4, key=4
[Sat Jun  6 22:53:15 2026] Input received: 49
[Sat Jun  6 22:53:15 2026] State updated: idx=1, key=1
[Sat Jun  6 22:53:15 2026] Input received: 13
[Sat Jun  6 22:53:15 2026] Launch requested: opening Terminal #1 from dock
[Sat Jun  6 22:53:15 2026] State updated: idx=1, key=ENTER
[Sat Jun  6 22:53:15 2026] Input received: 52
[Sat Jun  6 22:53:15 2026] Input received: 13
[Sat Jun  6 22:53:15 2026] State updated: idx=4, key=4
[Sat Jun  6 22:53:15 2026] Input received: 49
[Sat Jun  6 22:53:15 2026] State updated: idx=1, key=ENTER
[Sat Jun  6 22:53:15 2026] State updated: idx=1, key=1
[Sat Jun  6 22:53:15 2026] Input received: 13
[Sat Jun  6 22:53:15 2026] State updated: idx=1, key=ENTER
[Sat Jun  6 22:53:15 2026] Wraith-Alpha Manager starting in /home/no/Desktop/🤖️🪤️🏠️/🗓️📆️👩🏻‍💻️/jun-5/wraith-surgical-00.01/1.TPMOS_c_+rmmp.0102.0018
[Sat Jun  6 22:53:15 2026] State updated: idx=1, key=0
[Sat Jun  6 22:54:02 2026] Input received: 13
[Sat Jun  6 22:54:02 2026] State updated: idx=1, key=ENTER
[Sat Jun  6 22:54:02 2026] Input received: 13
[Sat Jun  6 22:54:02 2026] Input received: 13
[Sat Jun  6 22:54:02 2026] Input received: 13
[Sat Jun  6 22:54:02 2026] Launch requested: opening Terminal #1 from dock
[Sat Jun  6 22:54:02 2026] State updated: idx=1, key=ENTER
[Sat Jun  6 22:54:02 2026] State updated: idx=1, key=ENTER
[Sat Jun  6 22:54:02 2026] State updated: idx=1, key=ENTER
[Sat Jun  6 22:54:02 2026] Input received: 13
[Sat Jun  6 22:54:02 2026] State updated: idx=1, key=ENTER
[Sat Jun  6 22:55:26 2026] Wraith-Alpha Manager starting in /home/no/Desktop/🤖️🪤️🏠️/🗓️📆️👩🏻‍💻️/jun-5/wraith-surgical-00.01/1.TPMOS_c_+rmmp.0102.0018
[Sat Jun  6 22:55:26 2026] State updated: idx=1, key=0
[Sat Jun  6 22:55:27 2026] Input received: 13
[Sat Jun  6 22:55:27 2026] Launch requested: opening Terminal #1 from dock
[Sat Jun  6 22:55:27 2026] State updated: idx=1, key=ENTER
[Sat Jun  6 22:55:29 2026] Input received: 51
[Sat Jun  6 22:55:29 2026] State updated: idx=3, key=3
[Sat Jun  6 22:55:30 2026] Input received: 13
[Sat Jun  6 22:55:30 2026] Minimize requested: moving Terminal #1 to toolbar
[Sat Jun  6 22:55:30 2026] State updated: idx=3, key=ENTER
[Sat Jun  6 22:56:18 2026] Wraith-Alpha Manager shutting down.
[Sat Jun  6 23:04:42 2026] Wraith-Alpha Manager starting in /home/no/Desktop/🤖️🪤️🏠️/🗓️📆️👩🏻‍💻️/jun-5/wraith-surgical-00.01/1.TPMOS_c_+rmmp.0102.0018
[Sat Jun  6 23:04:42 2026] State updated: idx=1, key=0
[Sat Jun  6 23:04:44 2026] Input received: 13
[Sat Jun  6 23:04:44 2026] Launch requested: opening Terminal #1 from dock
[Sat Jun  6 23:04:44 2026] State updated: idx=1, key=ENTER
[Sat Jun  6 23:04:46 2026] Input received: 51
[Sat Jun  6 23:04:46 2026] State updated: idx=3, key=3
[Sat Jun  6 23:04:46 2026] Input received: 13
[Sat Jun  6 23:04:46 2026] Minimize requested: moving Terminal #1 to toolbar
[Sat Jun  6 23:04:46 2026] State updated: idx=3, key=ENTER
[Sat Jun  6 23:04:47 2026] Input received: 13
[Sat Jun  6 23:04:47 2026] Minimize requested: moving Terminal #1 to toolbar
[Sat Jun  6 23:04:47 2026] State updated: idx=3, key=ENTER
[Sat Jun  6 23:04:48 2026] Input received: 1002
[Sat Jun  6 23:04:48 2026] State updated: idx=2, key=UP
[Sat Jun  6 23:04:48 2026] Input received: 1003
[Sat Jun  6 23:04:48 2026] State updated: idx=3, key=DOWN
[Sat Jun  6 23:04:48 2026] Input received: 1002
[Sat Jun  6 23:04:48 2026] State updated: idx=2, key=UP
[Sat Jun  6 23:04:50 2026] Input received: 1002
[Sat Jun  6 23:04:50 2026] State updated: idx=1, key=UP
[Sat Jun  6 23:04:51 2026] Wraith-Alpha Manager shutting down.
[Sat Jun  6 23:20:25 2026] Wraith-Alpha Manager starting in /home/no/Desktop/🤖️🪤️🏠️/🗓️📆️👩🏻‍💻️/jun-5/wraith-surgical-00.01/1.TPMOS_c_+rmmp.0102.0018
[Sat Jun  6 23:20:25 2026] State updated: idx=1, key=0
[Sat Jun  6 23:20:27 2026] Input received: 13
[Sat Jun  6 23:20:27 2026] Launch requested: opening Terminal #1 from dock
[Sat Jun  6 23:20:27 2026] State updated: idx=1, key=ENTER
[Sat Jun  6 23:20:28 2026] Input received: 51
[Sat Jun  6 23:20:28 2026] State updated: idx=3, key=3
[Sat Jun  6 23:20:29 2026] Input received: 13
[Sat Jun  6 23:20:29 2026] Minimize requested: moving Terminal #1 to toolbar
[Sat Jun  6 23:20:29 2026] State updated: idx=3, key=ENTER
[Sat Jun  6 23:22:46 2026] Command history truncation detected.
[Sat Jun  6 23:23:27 2026] Wraith-Alpha Manager shutting down.
[Sat Jun  6 23:23:59 2026] Wraith-Alpha Manager starting in /home/no/Desktop/🤖️🪤️🏠️/🗓️📆️👩🏻‍💻️/jun-5/wraith-surgical-00.01/1.TPMOS_c_+rmmp.0102.0018
[Sat Jun  6 23:23:59 2026] State updated: idx=1, key=0
[Sat Jun  6 23:24:01 2026] Input received: 13
[Sat Jun  6 23:24:01 2026] Launch requested: opening Terminal #1 from dock
[Sat Jun  6 23:24:01 2026] State updated: idx=1, key=ENTER
[Sat Jun  6 23:24:03 2026] Input received: 51
[Sat Jun  6 23:24:03 2026] State updated: idx=3, key=3
[Sat Jun  6 23:24:03 2026] Input received: 13
[Sat Jun  6 23:24:03 2026] Minimize requested: moving Terminal #1 to toolbar
[Sat Jun  6 23:24:03 2026] State updated: idx=3, key=ENTER
[Sat Jun  6 23:24:05 2026] Input received: 1003
[Sat Jun  6 23:24:05 2026] State updated: idx=4, key=DOWN
[Sat Jun  6 23:24:06 2026] Input received: 13
[Sat Jun  6 23:24:06 2026] Close requested: quitting Terminal #1
[Sat Jun  6 23:24:06 2026] State updated: idx=4, key=ENTER
[Sat Jun  6 23:24:08 2026] Input received: 49
[Sat Jun  6 23:24:08 2026] State updated: idx=1, key=1
[Sat Jun  6 23:24:10 2026] Wraith-Alpha Manager shutting down.
[Sat Jun  6 23:38:48 2026] Wraith-Alpha Manager starting in /home/no/Desktop/🤖️🪤️🏠️/🗓️📆️👩🏻‍💻️/jun-5/wraith-surgical-00.01/1.TPMOS_c_+rmmp.0102.0018
[Sat Jun  6 23:38:48 2026] State updated: idx=1, key=0
[Sat Jun  6 23:38:49 2026] Input received: 13
[Sat Jun  6 23:38:49 2026] Launch requested: opening Terminal #1 from dock
[Sat Jun  6 23:38:49 2026] State updated: idx=1, key=ENTER
[Sat Jun  6 23:38:51 2026] Input received: 51
[Sat Jun  6 23:38:51 2026] State updated: idx=3, key=3
[Sat Jun  6 23:38:51 2026] Input received: 13
[Sat Jun  6 23:38:51 2026] Minimize requested: moving Terminal #1 to toolbar
[Sat Jun  6 23:38:51 2026] State updated: idx=3, key=ENTER
[Sat Jun  6 23:38:53 2026] Input received: 50
[Sat Jun  6 23:38:53 2026] State updated: idx=2, key=2
[Sat Jun  6 23:38:53 2026] Input received: 13
[Sat Jun  6 23:38:53 2026] State updated: idx=2, key=ENTER
[Sat Jun  6 23:38:57 2026] Input received: 13
[Sat Jun  6 23:38:57 2026] State updated: idx=2, key=ENTER
[Sat Jun  6 23:38:57 2026] Input received: 50
[Sat Jun  6 23:38:57 2026] State updated: idx=2, key=2
[Sat Jun  6 23:38:57 2026] Input received: 13
[Sat Jun  6 23:38:57 2026] State updated: idx=2, key=ENTER
[Sat Jun  6 23:40:19 2026] Wraith-Alpha Manager shutting down.
[Sun Jun  7 00:07:17 2026] Wraith-Alpha Manager starting in /home/no/Desktop/🤖️🪤️🏠️/🗓️📆️👩🏻‍💻️/jun-6/wraith-surgical-01.01/1.TPMOS_c_+rmmp.0102.0018
[Sun Jun  7 00:07:17 2026] State updated: idx=1, key=0
[Sun Jun  7 00:07:18 2026] Input received: 13
[Sun Jun  7 00:07:18 2026] Launch requested: opening Terminal #1 from dock
[Sun Jun  7 00:07:18 2026] State updated: idx=1, key=ENTER
[Sun Jun  7 00:07:20 2026] Input received: 51
[Sun Jun  7 00:07:20 2026] State updated: idx=3, key=3
[Sun Jun  7 00:07:21 2026] Input received: 13
[Sun Jun  7 00:07:21 2026] Minimize requested: moving Terminal #1 to toolbar
[Sun Jun  7 00:07:21 2026] State updated: idx=3, key=ENTER
[Sun Jun  7 00:07:23 2026] Input received: 50
[Sun Jun  7 00:07:23 2026] State updated: idx=2, key=2
[Sun Jun  7 00:07:23 2026] Input received: 13
[Sun Jun  7 00:07:23 2026] State updated: idx=2, key=ENTER
[Sun Jun  7 00:07:58 2026] Wraith-Alpha Manager shutting down.
[Sun Jun  7 00:19:27 2026] Wraith-Alpha Manager starting in /home/no/Desktop/🤖️🪤️🏠️/🗓️📆️👩🏻‍💻️/jun-6/fix/wraith-surgical-00.01+26term/wraith-surgical-00.01/1.TPMOS_c_+rmmp.0102.0018
[Sun Jun  7 00:19:27 2026] State updated: idx=1, key=0
[Sun Jun  7 00:19:33 2026] Input received: 13
[Sun Jun  7 00:19:33 2026] Launch requested: opening Terminal #1 from dock
[Sun Jun  7 00:19:33 2026] State updated: idx=1, key=ENTER
[Sun Jun  7 00:19:34 2026] Input received: 51
[Sun Jun  7 00:19:34 2026] State updated: idx=3, key=3
[Sun Jun  7 00:19:35 2026] Input received: 13
[Sun Jun  7 00:19:35 2026] Minimize requested: moving Terminal #1 to toolbar
[Sun Jun  7 00:19:35 2026] State updated: idx=3, key=ENTER
[Sun Jun  7 00:19:36 2026] Input received: 50
[Sun Jun  7 00:19:36 2026] State updated: idx=2, key=2
[Sun Jun  7 00:19:36 2026] Input received: 13
[Sun Jun  7 00:19:36 2026] State updated: idx=2, key=ENTER
[Sun Jun  7 00:19:38 2026] Wraith-Alpha Manager shutting down.
[Sun Jun  7 00:45:58 2026] Wraith-Alpha Manager starting in /home/no/Desktop/🤖️🪤️🏠️/🗓️📆️👩🏻‍💻️/jun-6/wraith-surgical-01.01/1.TPMOS_c_+rmmp.0102.0018
[Sun Jun  7 00:45:58 2026] State updated: idx=1, key=0
[Sun Jun  7 00:46:00 2026] Input received: 13
[Sun Jun  7 00:46:00 2026] Launch requested: opening Terminal #1 from dock
[Sun Jun  7 00:46:00 2026] State updated: idx=1, key=ENTER
[Sun Jun  7 00:46:01 2026] Input received: 51
[Sun Jun  7 00:46:01 2026] State updated: idx=3, key=3
[Sun Jun  7 00:46:03 2026] Input received: 13
[Sun Jun  7 00:46:03 2026] Minimize requested: moving Terminal #1 to toolbar
[Sun Jun  7 00:46:03 2026] State updated: idx=3, key=ENTER
[Sun Jun  7 00:46:05 2026] Input received: 50
[Sun Jun  7 00:46:05 2026] State updated: idx=2, key=2
[Sun Jun  7 00:46:05 2026] Input received: 13
[Sun Jun  7 00:46:05 2026] State updated: idx=2, key=ENTER
[Sun Jun  7 00:46:05 2026] Wraith-Alpha Manager shutting down.
[Sun Jun  7 00:50:37 2026] Wraith-Alpha Manager starting in /home/no/Desktop/🤖️🪤️🏠️/🗓️📆️👩🏻‍💻️/jun-6/wraith-surgical-01.01/1.TPMOS_c_+rmmp.0102.0018
[Sun Jun  7 00:50:37 2026] State updated: idx=1, key=0
[Sun Jun  7 00:50:38 2026] Input received: 13
[Sun Jun  7 00:50:38 2026] Launch requested: opening Terminal #1 from dock
[Sun Jun  7 00:50:38 2026] State updated: idx=1, key=ENTER
[Sun Jun  7 00:50:39 2026] Input received: 51
[Sun Jun  7 00:50:39 2026] State updated: idx=3, key=3
[Sun Jun  7 00:50:40 2026] Input received: 13
[Sun Jun  7 00:50:40 2026] Minimize requested: moving Terminal #1 to toolbar
[Sun Jun  7 00:50:40 2026] State updated: idx=3, key=ENTER
[Sun Jun  7 00:50:41 2026] Input received: 50
[Sun Jun  7 00:50:41 2026] State updated: idx=2, key=2
[Sun Jun  7 00:50:41 2026] Input received: 13
[Sun Jun  7 00:50:41 2026] State updated: idx=2, key=ENTER
[Sun Jun  7 00:50:45 2026] Wraith-Alpha Manager shutting down.
