* Host localhost:11434 was resolved.
* IPv6: ::1
* IPv4: 127.0.0.1
*   Trying [::1]:11434...
* Connected to localhost (::1) port 11434
> POST /api/chat HTTP/1.1
> Host: localhost:11434
> User-Agent: curl/8.7.1
> Accept: */*
> Content-Type: application/json
> Content-Length: 71
> 
} [71 bytes data]
* upload completely sent off: 71 bytes
< HTTP/1.1 400 Bad Request
< Content-Type: application/json; charset=utf-8
< Date: Fri, 22 May 2026 18:33:26 GMT
< Content-Length: 64
< 
{ [64 bytes data]
* Connection #0 to host localhost left intact
