sh: 1: /home/no/Desktop/🤖️🪤️🏠️/🗓️📆️👩🏻‍💻️/jun-6/wraith-surgical-01.04/1.TPMOS_c_+rmmp.0102.0020/pieces/apps/playrm/ops/+x/scan_op.+x xlector: not found
sh: 1: /home/no/Desktop/🤖️🪤️🏠️/🗓️📆️👩🏻‍💻️/jun-6/wraith-surgical-01.04/1.TPMOS_c_+rmmp.0102.0020/pieces/apps/playrm/ops/+x/collect_op.+x xlector: not found
DEBUG: Loaded directory_listing: 
DEBUG: Loaded last_key: None
DEBUG: Loaded directory_listing: 
DEBUG: Loaded last_key: None
DEBUG: Loaded directory_listing: 
DEBUG: Loaded last_key: None
DEBUG: Loaded directory_listing: 
DEBUG: Loaded last_key: None
DEBUG: Loaded directory_listing: 
DEBUG: Loaded last_key: None
DEBUG: Loaded directory_listing: 
DEBUG: Loaded last_key: None
DEBUG: Loaded directory_listing: 
DEBUG: Loaded last_key: None
DEBUG: Loaded directory_listing: 
DEBUG: Loaded last_key: None
DEBUG: Loaded directory_listing: 
DEBUG: Loaded last_key: None
DEBUG: Loaded directory_listing: 
DEBUG: Loaded last_key: None
DEBUG: Loaded directory_listing: 
DEBUG: Loaded last_key: None
DEBUG: Loaded directory_listing: 
DEBUG: Loaded last_key: None
DEBUG: Loaded directory_listing: 
DEBUG: Loaded last_key: None
DEBUG: Loaded directory_listing: 
DEBUG: Loaded last_key: None
DEBUG: Loaded directory_listing: 
DEBUG: Loaded last_key: None
DEBUG: Loaded directory_listing: 
DEBUG: Loaded last_key: None
DEBUG: Loaded directory_listing: 
DEBUG: Loaded last_key: None
DEBUG: Loaded directory_listing: 
DEBUG: Loaded last_key: None
DEBUG: Loaded directory_listing: 
DEBUG: Loaded last_key: LEFT
DEBUG: Loaded directory_listing: 
DEBUG: Loaded last_key: LEFT
DEBUG: Loaded directory_listing: 
DEBUG: Loaded last_key: LEFT
DEBUG: Loaded directory_listing: 
DEBUG: Loaded last_key: LEFT
DEBUG: Loaded directory_listing: 
DEBUG: Loaded last_key: LEFT
DEBUG: Loaded directory_listing: 
DEBUG: Loaded last_key: LEFT
DEBUG: Loaded directory_listing: 
DEBUG: Loaded last_key: LEFT
DEBUG: Loaded directory_listing: 
DEBUG: Loaded last_key: LEFT
DEBUG: Loaded directory_listing: 
DEBUG: Loaded last_key: LEFT
DEBUG: Loaded directory_listing: 
DEBUG: Loaded last_key: LEFT
DEBUG: Loaded directory_listing: 
DEBUG: Loaded last_key: LEFT
DEBUG: Loaded directory_listing: 
DEBUG: Loaded last_key: LEFT
DEBUG: Loaded directory_listing: 
DEBUG: Loaded last_key: RIGHT
DEBUG: Loaded directory_listing: 
DEBUG: Loaded last_key: RIGHT
DEBUG: Loaded directory_listing: 
DEBUG: Loaded last_key: RIGHT
DEBUG: Loaded directory_listing: 
DEBUG: Loaded last_key: RIGHT
DEBUG: Loaded directory_listing: 
DEBUG: Loaded last_key: RIGHT
DEBUG: Loaded directory_listing: 
DEBUG: Loaded last_key: RIGHT
DEBUG: Loaded directory_listing: 
DEBUG: Loaded last_key: RIGHT
DEBUG: Loaded directory_listing: 
DEBUG: Loaded last_key: RIGHT
DEBUG: Loaded directory_listing: 
DEBUG: Loaded last_key: RIGHT
DEBUG: Loaded directory_listing: 
DEBUG: Loaded last_key: RIGHT
DEBUG: Loaded directory_listing: 
DEBUG: Loaded last_key: RIGHT
DEBUG: Loaded directory_listing: 
DEBUG: Loaded last_key: RIGHT
DEBUG: Loaded directory_listing: 
DEBUG: Loaded last_key: UP
DEBUG: Loaded directory_listing: 
DEBUG: Loaded last_key: UP
DEBUG: Loaded directory_listing: 
DEBUG: Loaded last_key: UP
DEBUG: Loaded directory_listing: 
DEBUG: Loaded last_key: UP
DEBUG: Loaded directory_listing: 
DEBUG: Loaded last_key: UP
DEBUG: Loaded directory_listing: 
DEBUG: Loaded last_key: UP
DEBUG: Loaded directory_listing: 
DEBUG: Loaded last_key: UP
DEBUG: Loaded directory_listing: 
DEBUG: Loaded last_key: UP
DEBUG: Loaded directory_listing: 
DEBUG: Loaded last_key: UP
DEBUG: Loaded directory_listing: 
DEBUG: Loaded last_key: UP
DEBUG: Loaded directory_listing: 
DEBUG: Loaded last_key: 1
DEBUG: Loaded directory_listing: 
DEBUG: Loaded last_key: 1
DEBUG: Loaded directory_listing: 
DEBUG: Loaded last_key: 1
DEBUG: Loaded directory_listing: 
DEBUG: Loaded last_key: 1
DEBUG: Loaded directory_listing: 
DEBUG: Loaded last_key: 1
DEBUG: Loaded directory_listing: 
DEBUG: Loaded last_key: 2
DEBUG: Loaded directory_listing: 
DEBUG: Loaded last_key: 2
DEBUG: Loaded directory_listing: 
DEBUG: Loaded last_key: 2
DEBUG: Loaded directory_listing: 
DEBUG: Loaded last_key: 2
DEBUG: Loaded directory_listing: 
DEBUG: Loaded last_key: 2
DEBUG: Loaded directory_listing: 
DEBUG: Loaded last_key: 3
DEBUG: Loaded directory_listing: 
DEBUG: Loaded last_key: 3
DEBUG: Loaded directory_listing: 
DEBUG: Loaded last_key: 3
DEBUG: Loaded directory_listing: 
DEBUG: Loaded sh: 1: /home/no/Desktop/🤖️🪤️🏠️/🗓️📆️👩🏻‍💻️/jun-9/wraith-surgical-02.02%/1.TPMOS_c_+rmmp.0102.0021/pieces/apps/playrm/ops/+x/scan_op.+x xlector: not found
sh: 1: /home/no/Desktop/🤖️🪤️🏠️/🗓️📆️👩🏻‍💻️/jun-9/wraith-surgical-02.02%/1.TPMOS_c_+rmmp.0102.0021/pieces/apps/playrm/ops/+x/collect_op.+x xlector: not found
sh: 1: /home/no/Desktop/🤖️🪤️🏠️/🗓️📆️👩🏻‍💻️/jun-9/wraith-surgical-02.02%/1.TPMOS_c_+rmmp.0102.0021/pieces/apps/playrm/ops/+x/place_op.+x xlector: not found
Scan (8,7,0): Wall (Impassable)
Nothing at (15,6)
Placed Rock at (15,6)
Scan (6,7,0): Wall (Impassable)
xlector: Hunger: Happiness: Energy:
sh: 1: /home/no/Desktop/🤖️🪤️🏠️/🗓️📆️👩🏻‍💻️/jun-9/wraith-surgical-02.02%/1.TPMOS_c_+rmmp.0102.0021/echo: not found
DEBUG: Loaded directory_listing: 
DEBUG: Loaded last_key: None
DEBUG: Loaded directory_listing: 
DEBUG: Loaded last_key: None
DEBUG: Loaded directory_listing: 
DEBUG: Loaded last_key: None
DEBUG: Loaded directory_listing: 
DEBUG: Loaded last_key: None
DEBUG: Loaded directory_listing: 
DEBUG: Loaded last_key: None
DEBUG: Loaded directory_listing: 
DEBUG: Loaded last_key: None
DEBUG: Loaded directory_listing: 
DEBUG: Loaded last_key: None
DEBUG: Loaded directory_listing: 
DEBUG: Loaded last_key: None
DEBUG: Loaded directory_listing: 
DEBUG: Loaded last_key: None
DEBUG: Loaded directory_listing: 
DEBUG: Loaded last_key: None
DEBUG: Loaded directory_listing: 
DEBUG: Loaded last_key: None
DEBUG: Loaded directory_listing: 
DEBUG: Loaded last_key: None
DEBUG: Loaded directory_listing: 
DEBUG: Loaded last_key: None
DEBUG: Loaded directory_listing: 
DEBUG: Loaded last_key: None
DEBUG: Loaded directory_listing: 
DEBUG: Loaded last_key: None
DEBUG: Loaded directory_listing: 
DEBUG: Loaded last_key: None
DEBUG: Loaded directory_listing: 
DEBUG: Loaded last_key: None
DEBUG: Loaded directory_listing: 
DEBUG: Loaded last_key: None
DEBUG: Loaded directory_listing: 
DEBUG: Loaded last_key: None
DEBUG: Loaded directory_listing: 
DEBUG: Loaded last_key: 6
DEBUG: Loaded directory_listing: 
DEBUG: Loaded last_key: 6
DEBUG: Loaded directory_listing: 
DEBUG: Loaded last_key: 6
DEBUG: Loaded directory_listing: 
DEBUG: Loaded last_key: 6
DEBUG: Loaded directory_listing: 
DEBUG: Loaded last_key: 6
DEBUG: Loaded directory_listing: 
DEBUG: Loaded last_key: 6
DEBUG: Loaded directory_listing: 
DEBUG: Loaded last_key: 6
DEBUG: Loaded directory_listing: 
DEBUG: Loaded last_key: 2
DEBUG: Loaded directory_listing: 
DEBUG: Loaded last_key: 2
DEBUG: Loaded directory_listing: 
DEBUG: Loaded last_key: 2
DEBUG: Loaded directory_listing: 
DEBUG: Loaded last_key: 2
DEBUG: Loaded directory_listing: 
DEBUG: Loaded last_key: 2
DEBUG: Loaded directory_listing: 
DEBUG: Loaded last_key: 2
DEBUG: Loaded directory_listing: 
DEBUG: Loaded last_key: 2
DEBUG: Loaded directory_listing: 
DEBUG: Loaded last_key: 2
DEBUG: Loaded directory_listing: 
DEBUG: Loaded last_key: 2
DEBUG: Loaded directory_listing: 
DEBUG: Loaded last_key: 2
DEBUG: Loaded directory_listing: 
DEBUG: Loaded last_key: 2
DEBUG: Loaded directory_listing: 
DEBUG: Loaded last_key: 2
DEBUG: Loaded directory_listing: 
DEBUG: Loaded last_key: 2
DEBUG: Loaded directory_listing: 
DEBUG: Loaded last_key: 2
DEBUG: Loaded directory_listing: 
DEBUG: Loaded last_key: 2
DEBUG: Loaded directory_listing: 
DEBUG: Loaded last_key: 2
DEBUG: Loaded directory_listing: 
DEBUG: Loaded last_key: 2
DEBUG: Loaded directory_listing: 
DEBUG: Loaded last_key: 2
DEBUG: Loaded directory_listing: 
DEBUG: Loaded last_key: LEFT
DEBUG: Loaded directory_listing: 
DEBUG: Loaded last_key: LEFT
DEBUG: Loaded directory_listing: 
DEBUG: Loaded last_key: LEFT
DEBUG: Loaded directory_listing: 
DEBUG: Loaded last_key: LEFT
DEBUG: Loaded directory_listing: 
DEBUG: Loaded last_key: LEFT
DEBUG: Loaded directory_listing: 
DEBUG: Loaded last_key: LEFT
DEBUG: Loaded directory_listing: 
DEBUG: Loaded last_key: LEFT
DEBUG: Loaded directory_listing: 
DEBUG: Loaded last_key: LEFT
DEBUG: Loaded directory_listing: 
DEBUG: Loaded last_key: LEFT
DEBUG: Loaded directory_listing: 
DEBUG: Loaded last_key: LEFT
DEBUG: Loaded directory_listing: 
DEBUG: Loaded last_key: 7
DEBUG: Loaded directory_listing: 
DEBUG: Loaded last_key: 7
DEBUG: Loaded directory_listing: 
DEBUG: Loaded last_key: 7
DEBUG: Loaded directory_listing: 
DEBUG: Loaded last_key: 7
DEBUG: Loaded directory_listing: 
DEBUG: Loaded last_key: 7
DEBUG: Loaded directory_listing: 
DEBUG: Loaded last_key: RIGHT
DEBUG: Loaded directory_listing: 
DEBUG: Loaded last_key: RIGHT
DEBUG: Loaded directory_listing: 
DEBUG: Loaded last_key: RIGHT
DEBUG: Loaded directory_listing: 
DEBUG: Loaded last_key: RIGHT
DEBUG: Loaded directory_listing: 
DEBUG: Loaded last_key: RIGHT
DEBUG: Loaded directory_listing: 
DEBUG: Loaded last_key: RIGHT
DEBUG: Loaded directory_listing: 
DEBUG: Loaded last_key: RIGHT
DEBUG: Loaded directosh: 1: /home/no/Desktop/🤖️🪤️🏠️/🗓️📆️👩🏻‍💻️/jun-9/wraith-surgical-02.02%/1.TPMOS_c_+rmmp.0102.0021/pieces/master_ledger/plugins/+x/piece_manager.+x: not found
sh: 1: /home/no/Desktop/🤖️🪤️🏠️/🗓️📆️👩🏻‍💻️/jun-9/wraith-surgical-02.02%/1.TPMOS_c_+rmmp.0102.0021/pieces/master_ledger/plugins/+x/piece_manager.+x: not found
